Archive member included to satisfy reference by file (symbol)

obj_cooja/mtype691.a(er-coap-engine.)
                              er-server-only-get.co (coap_rest_implementation)
obj_cooja/mtype691.a(er-coap-transac)
                              obj_cooja/mtype691.a(er-coap-engine.) (coap_register_as_transaction_handler)
obj_cooja/mtype691.a(er-coap-observe)
                              obj_cooja/mtype691.a(er-coap-transac) (coap_remove_observer_by_client)
obj_cooja/mtype691.a(er-coap-res-wel)
                              obj_cooja/mtype691.a(er-coap-engine.) (res_well_known_core)
obj_cooja/mtype691.a(rest-engine.o)
                              er-server-only-get.co (rest_init_engine)
obj_cooja/mtype691.a(simEnvChange.o)
                              obj_cooja/mtype691.o (simDontFallAsleep)
obj_cooja/mtype691.a(cooja_mt.o)
                              obj_cooja/mtype691.o (cooja_mt_start)
obj_cooja/mtype691.a(cooja_mtarch.o)
                              obj_cooja/mtype691.a(cooja_mt.o) (cooja_mtarch_init)
obj_cooja/mtype691.a(rtimer-arch.o)
                              obj_cooja/mtype691.o (rtimer_arch_next)
obj_cooja/mtype691.a(beep.o)  obj_cooja/mtype691.o (beep_interface)
obj_cooja/mtype691.a(button-sensor.o)
                              obj_cooja/mtype691.o (button_interface)
obj_cooja/mtype691.a(leds-arch.o)
                              obj_cooja/mtype691.o (leds_interface)
obj_cooja/mtype691.a(moteid.o)
                              obj_cooja/mtype691.o (moteid_interface)
obj_cooja/mtype691.a(pir-sensor.o)
                              obj_cooja/mtype691.o (pir_interface)
obj_cooja/mtype691.a(rs232.o)
                              obj_cooja/mtype691.o (rs232_interface)
obj_cooja/mtype691.a(vib-sensor.o)
                              obj_cooja/mtype691.o (vib_interface)
obj_cooja/mtype691.a(clock.o)
                              obj_cooja/mtype691.o (clock_interface)
obj_cooja/mtype691.a(log.o)   obj_cooja/mtype691.o (simlog_interface)
obj_cooja/mtype691.a(cfs-cooja.o)
                              obj_cooja/mtype691.o (cfs_interface)
obj_cooja/mtype691.a(cooja-radio.o)
                              obj_cooja/mtype691.o (radio_interface)
obj_cooja/mtype691.a(eeprom.o)
                              obj_cooja/mtype691.o (eeprom_interface)
obj_cooja/mtype691.a(random.o)
                              obj_cooja/mtype691.a(moteid.o) (random_init)
obj_cooja/mtype691.a(sensors.o)
                              obj_cooja/mtype691.o (sensors_process)
obj_cooja/mtype691.a(autostart.o)
                              obj_cooja/mtype691.o (autostart_start)
obj_cooja/mtype691.a(ctimer.o)
                              obj_cooja/mtype691.o (ctimer_init)
obj_cooja/mtype691.a(etimer.o)
                              obj_cooja/mtype691.o (etimer_process)
obj_cooja/mtype691.a(process.o)
                              obj_cooja/mtype691.a(er-coap-engine.) (process_current)
obj_cooja/mtype691.a(rtimer.o)
                              obj_cooja/mtype691.a(rtimer-arch.o) (rtimer_run_next)
obj_cooja/mtype691.a(timer.o)
                              obj_cooja/mtype691.a(button-sensor.o) (timer_set)
obj_cooja/mtype691.a(serial-line.o)
                              obj_cooja/mtype691.a(rs232.o) (serial_line_input_byte)
obj_cooja/mtype691.a(list.o)  obj_cooja/mtype691.a(rest-engine.o) (list_init)
obj_cooja/mtype691.a(memb.o)  obj_cooja/mtype691.a(er-coap-transac) (memb_alloc)
obj_cooja/mtype691.a(ringbuf.o)
                              obj_cooja/mtype691.a(serial-line.o) (ringbuf_init)
obj_cooja/mtype691.a(uip-ds6.o)
                              er-server-only-get.co (uip_ds6_if)
obj_cooja/mtype691.a(uip-ds6-route.o)
                              obj_cooja/mtype691.a(uip-ds6.o) (uip_ds6_route_init)
obj_cooja/mtype691.a(uip6.o)  er-server-only-get.co (uip_lladdr)
obj_cooja/mtype691.a(uip-ds6-nbr.o)
                              obj_cooja/mtype691.a(uip-ds6.o) (uip_ds6_neighbors_init)
obj_cooja/mtype691.a(uip-nd6.o)
                              obj_cooja/mtype691.a(uip-ds6-nbr.o) (uip_nd6_ns_output)
obj_cooja/mtype691.a(sicslowpan.o)
                              obj_cooja/mtype691.o (sicslowpan_driver)
obj_cooja/mtype691.a(uip-debug.o)
                              er-server-only-get.co (uip_debug_ipaddr_print)
obj_cooja/mtype691.a(uip-packetqueue)
                              obj_cooja/mtype691.a(uip-ds6-nbr.o) (uip_packetqueue_new)
obj_cooja/mtype691.a(tcpip.o)
                              obj_cooja/mtype691.a(er-coap-engine.) (tcpip_event)
obj_cooja/mtype691.a(simple-udp.o)
                              er-server-only-get.co (simple_udp_sendto)
obj_cooja/mtype691.a(rpl-dag.o)
                              obj_cooja/mtype691.a(tcpip.o) (rpl_repair_root)
obj_cooja/mtype691.a(rpl-timers.o)
                              obj_cooja/mtype691.a(rpl-dag.o) (rpl_reset_dio_timer)
obj_cooja/mtype691.a(rpl-ext-header.)
                              obj_cooja/mtype691.a(uip6.o) (rpl_verify_header)
[...]
Memory Configuration

Name             Origin             Length             Attributes
*default*        0x0000000000000000 0xffffffffffffffff

Linker script and memory map

LOAD /usr/lib/gcc/x86_64-linux-gnu/4.9/../../../x86_64-linux-gnu/crti.o
LOAD /usr/lib/gcc/x86_64-linux-gnu/4.9/crtbeginS.o
LOAD er-server-only-get.co
LOAD obj_cooja/mtype691.o
LOAD obj_cooja/mtype691.a
LOAD /usr/lib/gcc/x86_64-linux-gnu/4.9/libgcc.a
LOAD /usr/lib/gcc/x86_64-linux-gnu/4.9/libgcc_s.so
LOAD /usr/lib/gcc/x86_64-linux-gnu/4.9/../../../x86_64-linux-gnu/libc.so
START GROUP
LOAD /lib/x86_64-linux-gnu/libc.so.6
LOAD /usr/lib/x86_64-linux-gnu/libc_nonshared.a
LOAD /lib/x86_64-linux-gnu/ld-linux-x86-64.so.2
END GROUP
LOAD /usr/lib/gcc/x86_64-linux-gnu/4.9/libgcc.a
LOAD /usr/lib/gcc/x86_64-linux-gnu/4.9/libgcc_s.so
LOAD /usr/lib/gcc/x86_64-linux-gnu/4.9/crtendS.o
LOAD /usr/lib/gcc/x86_64-linux-gnu/4.9/../../../x86_64-linux-gnu/crtn.o
                0x00000000000001c8                . = (0x0 + SIZEOF_HEADERS)

.note.gnu.build-id
                0x00000000000001c8       0x24
 *(.note.gnu.build-id)
 .note.gnu.build-id
                0x00000000000001c8       0x24 /usr/lib/gcc/x86_64-linux-gnu/4.9/../../../x86_64-linux-gnu/crti.o

.hash
 *(.hash)

.gnu.hash       0x00000000000001f0     0x1348
 *(.gnu.hash)
 .gnu.hash      0x00000000000001f0     0x1348 /usr/lib/gcc/x86_64-linux-gnu/4.9/../../../x86_64-linux-gnu/crti.o

.dynsym         0x0000000000001538     0x3870
 *(.dynsym)
 .dynsym        0x0000000000001538     0x3870 /usr/lib/gcc/x86_64-linux-gnu/4.9/../../../x86_64-linux-gnu/crti.o

.dynstr         0x0000000000004da8     0x2876
 *(.dynstr)
 .dynstr        0x0000000000004da8     0x2876 /usr/lib/gcc/x86_64-linux-gnu/4.9/../../../x86_64-linux-gnu/crti.o

.gnu.version    0x000000000000761e      0x4b4
 *(.gnu.version)
 .gnu.version   0x000000000000761e      0x4b4 /usr/lib/gcc/x86_64-linux-gnu/4.9/../../../x86_64-linux-gnu/crti.o

.gnu.version_d  0x0000000000007ad8        0x0
 *(.gnu.version_d)
 .gnu.version_d
                0x0000000000007ad8        0x0 /usr/lib/gcc/x86_64-linux-gnu/4.9/../../../x86_64-linux-gnu/crti.o

.gnu.version_r  0x0000000000007ad8       0x40
 *(.gnu.version_r)
 .gnu.version_r
                0x0000000000007ad8       0x40 /usr/lib/gcc/x86_64-linux-gnu/4.9/../../../x86_64-linux-gnu/crti.o

.rela.dyn       0x0000000000007b18     0x1ed8
 *(.rela.init)
 *(.rela.text .rela.text.* .rela.gnu.linkonce.t.*)
 .rela.text     0x0000000000007b18        0x0 /usr/lib/gcc/x86_64-linux-gnu/4.9/../../../x86_64-linux-gnu/crti.o
 *(.rela.fini)
 *(.rela.rodata .rela.rodata.* .rela.gnu.linkonce.r.*)
 *(.rela.data .rela.data.* .rela.gnu.linkonce.d.*)
 .rela.data.rel.local
                0x0000000000007b18      0x6c0 /usr/lib/gcc/x86_64-linux-gnu/4.9/../../../x86_64-linux-gnu/crti.o
 .rela.data.rel
                0x00000000000081d8      0x240 /usr/lib/gcc/x86_64-linux-gnu/4.9/../../../x86_64-linux-gnu/crti.o
 .rela.data.rel.ro
                0x0000000000008418      0x330 /usr/lib/gcc/x86_64-linux-gnu/4.9/../../../x86_64-linux-gnu/crti.o
 .rela.data.rel.ro.local
                0x0000000000008748      0x6a8 /usr/lib/gcc/x86_64-linux-gnu/4.9/../../../x86_64-linux-gnu/crti.o
 *(.rela.tdata .rela.tdata.* .rela.gnu.linkonce.td.*)
 *(.rela.tbss .rela.tbss.* .rela.gnu.linkonce.tb.*)
 *(.rela.ctors)
 *(.rela.dtors)
 *(.rela.got)
 .rela.got      0x0000000000008df0      0xbd0 /usr/lib/gcc/x86_64-linux-gnu/4.9/../../../x86_64-linux-gnu/crti.o
 *(.rela.bss .rela.bss.* .rela.gnu.linkonce.b.*)
 *(.rela.ldata .rela.ldata.* .rela.gnu.linkonce.l.*)
 *(.rela.lbss .rela.lbss.* .rela.gnu.linkonce.lb.*)
 *(.rela.lrodata .rela.lrodata.* .rela.gnu.linkonce.lr.*)
 *(.rela.ifunc)
 .rela.ifunc    0x00000000000099c0        0x0 /usr/lib/gcc/x86_64-linux-gnu/4.9/../../../x86_64-linux-gnu/crti.o
 .rela.fini_array
                0x00000000000099c0       0x18 /usr/lib/gcc/x86_64-linux-gnu/4.9/../../../x86_64-linux-gnu/crti.o
 .rela.init_array
                0x00000000000099d8       0x18 /usr/lib/gcc/x86_64-linux-gnu/4.9/../../../x86_64-linux-gnu/crti.o

.rela.plt       0x00000000000099f0     0x1bf0
 *(.rela.plt)
 .rela.plt      0x00000000000099f0     0x1bf0 /usr/lib/gcc/x86_64-linux-gnu/4.9/../../../x86_64-linux-gnu/crti.o
 *(.rela.iplt)

.init           0x000000000000b5e0       0x1a
 *(SORT(.init))
 .init          0x000000000000b5e0       0x15 /usr/lib/gcc/x86_64-linux-gnu/4.9/../../../x86_64-linux-gnu/crti.o
                0x000000000000b5e0                _init
 .init          0x000000000000b5f5        0x5 /usr/lib/gcc/x86_64-linux-gnu/4.9/../../../x86_64-linux-gnu/crtn.o

.plt            0x000000000000b600     0x12b0
 *(.plt)
 .plt           0x000000000000b600     0x12b0 /usr/lib/gcc/x86_64-linux-gnu/4.9/../../../x86_64-linux-gnu/crti.o
 *(.iplt)

.plt.bnd
 *(.plt.bnd)

.text           0x000000000000c8b0    0x19eea
 *(.text.unlikely .text.*_unlikely .text.unlikely.*)
 .text.unlikely
                0x000000000000c8b0        0x0 /usr/lib/gcc/x86_64-linux-gnu/4.9/crtbeginS.o
 *(.text.exit .text.exit.*)
 *(.text.startup .text.startup.*)
 *(.text.hot .text.hot.*)
 *(.text .stub .text.* .gnu.linkonce.t.*)
 .text          0x000000000000c8b0        0x0 /usr/lib/gcc/x86_64-linux-gnu/4.9/../../../x86_64-linux-gnu/crti.o
 .text          0x000000000000c8b0      0x100 /usr/lib/gcc/x86_64-linux-gnu/4.9/crtbeginS.o
 .text          0x000000000000c9b0      0x6a5 er-server-only-get.co
                0x000000000000ca11                send_alert
                0x000000000000cb15                dead_node
                0x000000000000ccef                helloworld_handler
                0x000000000000ce4b                res_get_handler
                0x000000000000cf18                res_periodic_handler
 .text          0x000000000000d055      0x846 obj_cooja/mtype691.o
                0x000000000000d1c1                contiki_init
                0x000000000000d614                Java_org_contikios_cooja_corecomm_Lib2_init
                0x000000000000d656                Java_org_contikios_cooja_corecomm_Lib2_getMemory
                0x000000000000d6ad                Java_org_contikios_cooja_corecomm_Lib2_setMemory
                0x000000000000d739                Java_org_contikios_cooja_corecomm_Lib2_tick
                0x000000000000d86e                Java_org_contikios_cooja_corecomm_Lib2_setReferenceAddress
 .text          0x000000000000d89b      0xaa2 obj_cooja/mtype691.a(er-coap-engine.)
                0x000000000000dfbd                coap_init_engine
                0x000000000000dfd7                coap_set_service_callback
                0x000000000000dfec                coap_get_rest_method
                0x000000000000e0c1                coap_blocking_request_callback
                0x000000000000e0f7                coap_blocking_request
 .text          0x000000000000e33d      0x31e obj_cooja/mtype691.a(er-coap-transac)
                0x000000000000e33d                coap_register_as_transaction_handler
                0x000000000000e354                coap_new_transaction
                0x000000000000e3d6                coap_send_transaction
                0x000000000000e54a                coap_clear_transaction
                0x000000000000e598                coap_get_transaction_by_mid
                0x000000000000e5f0                coap_check_transactions
 .text          0x000000000000e65b      0x776 obj_cooja/mtype691.a(er-coap-observe)
                0x000000000000e65b                coap_add_observer
                0x000000000000e723                coap_remove_observer
                0x000000000000e75a                coap_remove_observer_by_client
                0x000000000000e7e5                coap_remove_observer_by_token
                0x000000000000e8a8                coap_remove_observer_by_uri
                0x000000000000e981                coap_remove_observer_by_mid
                0x000000000000ea20                coap_notify_observers
                0x000000000000ec5f                coap_observe_handler
 .text          0x000000000000edd1      0x360 obj_cooja/mtype691.a(er-coap-res-wel)
                0x000000000000edd1                well_known_core_get_handler
 .text          0x000000000000f131      0x51d obj_cooja/mtype691.a(rest-engine.o)
                0x000000000000f131                rest_init_engine
                0x000000000000f17e                rest_activate_resource
                0x000000000000f1fc                rest_get_resources
                0x000000000000f209                rest_invoke_restful_service
 .text          0x000000000000f64e       0x87 obj_cooja/mtype691.a(simEnvChange.o)
                0x000000000000f64e                doActionsBeforeTick
                0x000000000000f691                doActionsAfterTick
 .text          0x000000000000f6d5       0xd5 obj_cooja/mtype691.a(cooja_mt.o)
                0x000000000000f6d5                cooja_mt_init
                0x000000000000f6e0                cooja_mt_remove
                0x000000000000f6eb                cooja_mt_start
                0x000000000000f726                cooja_mt_exec
                0x000000000000f764                cooja_mt_exit
                0x000000000000f787                cooja_mt_yield
 .text          0x000000000000f7aa      0x15e obj_cooja/mtype691.a(cooja_mtarch.o)
                0x000000000000f7aa                cooja_mtarch_init
                0x000000000000f7b0                cooja_mtarch_start
                0x000000000000f84e                cooja_sw
                0x000000000000f876                cooja_mtarch_exec
                0x000000000000f89f                cooja_mtarch_remove
                0x000000000000f8a5                cooja_mtarch_yield
                0x000000000000f8b0                cooja_mtarch_pstop
                0x000000000000f8b6                cooja_mtarch_pstart
                0x000000000000f8bc                cooja_mtarch_stack_usage
 .text          0x000000000000f908       0xf6 obj_cooja/mtype691.a(rtimer-arch.o)
                0x000000000000f908                rtimer_arch_init
                0x000000000000f92e                rtimer_arch_schedule
                0x000000000000f94d                rtimer_arch_next
                0x000000000000f95a                rtimer_arch_pending
                0x000000000000f966                rtimer_arch_check
                0x000000000000f99d                rtimer_arch_now
 .text          0x000000000000f9fe       0xaf obj_cooja/mtype691.a(beep.o)
                0x000000000000f9fe                beep_alarm
                0x000000000000fa14                beep_beep
                0x000000000000fa27                beep
                0x000000000000fa37                beep_down
                0x000000000000fa4a                beep_on
                0x000000000000fa5a                beep_off
                0x000000000000fa6a                beep_spinup
                0x000000000000fa7a                beep_quick
                0x000000000000fa8d                beep_long
 .text          0x000000000000faad      0x12b obj_cooja/mtype691.a(button-sensor.o)
 .text          0x000000000000fbd8       0x53 obj_cooja/mtype691.a(leds-arch.o)
                0x000000000000fbd8                leds_arch_init
                0x000000000000fbe8                leds_arch_get
                0x000000000000fbf8                leds_arch_set
 .text          0x000000000000fc2b       0x37 obj_cooja/mtype691.a(moteid.o)
 .text          0x000000000000fc62       0xe3 obj_cooja/mtype691.a(pir-sensor.o)
 .text          0x000000000000fd45      0x16e obj_cooja/mtype691.a(rs232.o)
                0x000000000000fd45                rs232_init
                0x000000000000fd4b                rs232_set_speed
                0x000000000000fd56                rs232_set_input
                0x000000000000fd6b                rs232_send
                0x000000000000fd91                rs232_print
                0x000000000000fdb7                slip_arch_writeb
 .text          0x000000000000feb3       0xe3 obj_cooja/mtype691.a(vib-sensor.o)
 .text          0x000000000000ff96       0x53 obj_cooja/mtype691.a(clock.o)
                0x000000000000ff96                clock_init
                0x000000000000ff9c                clock_time
                0x000000000000ffac                clock_seconds
                0x000000000000ffd4                clock_delay
 .text          0x000000000000ffe9      0x308 obj_cooja/mtype691.a(log.o)
                0x000000000000ffe9                simlog_char
                0x0000000000010041                simlog
                0x00000000000100df                log_message
                0x0000000000010115                log_set_putchar_with_slip
                0x0000000000010127                log_putchar
                0x00000000000101a7                log_puts
                0x00000000000101d0                log_printf
 .text          0x00000000000102f1      0x32a obj_cooja/mtype691.a(cfs-cooja.o)
                0x00000000000102f1                cfs_open
                0x0000000000010347                cfs_close
                0x0000000000010357                cfs_read
                0x000000000001041b                cfs_write
                0x0000000000010508                cfs_seek
                0x00000000000105b3                cfs_remove
                0x00000000000105df                cfs_opendir
                0x00000000000105f2                cfs_readdir
                0x0000000000010605                cfs_closedir
 .text          0x000000000001061b      0x4b6 obj_cooja/mtype691.a(cooja-radio.o)
                0x0000000000010647                radio_set_channel
                0x000000000001065c                radio_set_txpower
                0x0000000000010674                radio_signal_strength_last
                0x0000000000010683                radio_signal_strength_current
                0x0000000000010692                radio_LQI
 .text          0x0000000000010ad1      0x120 obj_cooja/mtype691.a(eeprom.o)
                0x0000000000010ad1                eeprom_init
                0x0000000000010ad7                eeprom_read
                0x0000000000010b5e                eeprom_write
 .text          0x0000000000010bf1       0x26 obj_cooja/mtype691.a(random.o)
                0x0000000000010bf1                random_init
                0x0000000000010c0c                random_rand
 .text          0x0000000000010c17      0x33f obj_cooja/mtype691.a(sensors.o)
                0x0000000000010c5c                sensors_first
                0x0000000000010c6c                sensors_next
                0x0000000000010c97                sensors_changed
                0x0000000000010cdf                sensors_find
 .text          0x0000000000010f56       0xb1 obj_cooja/mtype691.a(autostart.o)
                0x0000000000010f56                autostart_start
                0x0000000000010fb1                autostart_exit
 .text          0x0000000000011007      0x3da obj_cooja/mtype691.a(ctimer.o)
                0x0000000000011161                ctimer_init
                0x0000000000011191                ctimer_set
                0x0000000000011248                ctimer_reset
                0x00000000000112b4                ctimer_restart
                0x0000000000011320                ctimer_stop
                0x0000000000011379                ctimer_expired
 .text          0x00000000000113e1      0x4f2 obj_cooja/mtype691.a(etimer.o)
                0x0000000000011670                etimer_request_poll
                0x0000000000011719                etimer_set
                0x000000000001174a                etimer_reset
                0x0000000000011770                etimer_restart
                0x0000000000011796                etimer_adjust
                0x00000000000117c2                etimer_expired
                0x00000000000117dd                etimer_expiration_time
                0x00000000000117f9                etimer_start_time
                0x000000000001180a                etimer_pending
                0x0000000000011820                etimer_next_expiration_time
                0x000000000001183d                etimer_stop
 .text          0x00000000000118d3      0x68c obj_cooja/mtype691.a(process.o)
                0x00000000000118d3                process_alloc_event
                0x00000000000118e9                process_start
                0x0000000000011b4a                process_exit
                0x0000000000011b71                process_init
                0x0000000000011d9a                process_run
                0x0000000000011dcb                process_nevents
                0x0000000000011de7                process_post
                0x0000000000011ec4                process_post_synch
                0x0000000000011f0d                process_poll
                0x0000000000011f45                process_is_running
 .text          0x0000000000011f5f       0xf1 obj_cooja/mtype691.a(rtimer.o)
                0x0000000000011f5f                rtimer_init
                0x0000000000011f6a                rtimer_set
                0x0000000000011fe7                rtimer_run_next
 .text          0x0000000000012050       0xdc obj_cooja/mtype691.a(timer.o)
                0x0000000000012050                timer_set
                0x000000000001207d                timer_reset
                0x00000000000120a0                timer_restart
                0x00000000000120bd                timer_expired
                0x00000000000120fa                timer_remaining
 .text          0x000000000001212c      0x218 obj_cooja/mtype691.a(serial-line.o)
                0x000000000001212c                serial_line_input_byte
                0x0000000000012312                serial_line_init
 .text          0x0000000000012344      0x30b obj_cooja/mtype691.a(list.o)
                0x0000000000012344                list_init
                0x0000000000012359                list_head
                0x000000000001236a                list_copy
                0x0000000000012386                list_tail
                0x00000000000123cb                list_add
                0x000000000001242a                list_push
                0x0000000000012468                list_chop
                0x00000000000124f1                list_pop
                0x0000000000012527                list_remove
                0x00000000000125ae                list_length
                0x00000000000125e5                list_insert
                0x0000000000012630                list_item_next
 .text          0x000000000001264f      0x20d obj_cooja/mtype691.a(memb.o)
                0x000000000001264f                memb_init
                0x00000000000126ad                memb_alloc
                0x0000000000012725                memb_free
                0x00000000000127bd                memb_inmemb
                0x0000000000012810                memb_numfree
 .text          0x000000000001285c      0x186 obj_cooja/mtype691.a(ringbuf.o)
                0x000000000001285c                ringbuf_init
                0x0000000000012898                ringbuf_put
                0x0000000000012922                ringbuf_get
                0x000000000001299b                ringbuf_size
                0x00000000000129b3                ringbuf_elements
 .text          0x00000000000129e2      0xd24 obj_cooja/mtype691.a(uip-ds6.o)
                0x00000000000129e2                uip_ds6_init
                0x0000000000012bbc                uip_ds6_periodic
                0x0000000000012c5f                uip_ds6_list_loop
                0x0000000000012d22                uip_ds6_prefix_add
                0x0000000000012dee                uip_ds6_prefix_rm
                0x0000000000012e07                uip_ds6_prefix_lookup
                0x0000000000012e5a                uip_ds6_is_addr_onlink
                0x0000000000012eea                uip_ds6_addr_add
                0x000000000001302b                uip_ds6_addr_rm
                0x00000000000130de                uip_ds6_addr_lookup
                0x000000000001312c                uip_ds6_get_link_local
                0x00000000000131cd                uip_ds6_get_global
                0x000000000001326e                uip_ds6_maddr_add
                0x00000000000132e3                uip_ds6_maddr_rm
                0x00000000000132fc                uip_ds6_maddr_lookup
                0x000000000001334d                uip_ds6_aaddr_add
                0x00000000000133c2                uip_ds6_aaddr_rm
                0x00000000000133db                uip_ds6_aaddr_lookup
                0x000000000001342c                uip_ds6_select_src
                0x00000000000135b1                uip_ds6_set_addr_iid
                0x00000000000135f3                get_match_length
                0x000000000001369e                uip_ds6_compute_reachable_time
 .text          0x0000000000013706      0x9c7 obj_cooja/mtype691.a(uip-ds6-route.o)
                0x0000000000013788                uip_ds6_notification_add
                0x00000000000137ca                uip_ds6_notification_rm
                0x00000000000137ee                uip_ds6_route_init
                0x0000000000013885                uip_ds6_route_nexthop
                0x00000000000138b5                uip_ds6_route_head
                0x00000000000138ca                uip_ds6_route_next
                0x00000000000138fa                uip_ds6_route_num_routes
                0x0000000000013906                uip_ds6_route_lookup
                0x00000000000139df                uip_ds6_route_add
                0x0000000000013c10                uip_ds6_route_rm
                0x0000000000013de5                uip_ds6_route_rm_by_nexthop
                0x0000000000013e29                uip_ds6_defrt_add
                0x0000000000013ee6                uip_ds6_defrt_rm
                0x0000000000013f72                uip_ds6_defrt_lookup
                0x0000000000013fd7                uip_ds6_defrt_choose
                0x0000000000014056                uip_ds6_defrt_periodic
 .text          0x00000000000140cd     0x172d obj_cooja/mtype691.a(uip6.o)
                0x000000000001418b                uip_chksum
                0x0000000000014280                uip_icmp6chksum
                0x0000000000014290                uip_udpchksum
                0x00000000000142a0                uip_init
                0x0000000000014310                remove_ext_hdr
                0x000000000001441f                uip_udp_new
                0x0000000000014830                uip_process
                0x00000000000156b2                uip_htons
                0x00000000000156d1                uip_htonl
                0x0000000000015715                uip_send
 .text          0x00000000000157fa      0x65b obj_cooja/mtype691.a(uip-ds6-nbr.o)
                0x0000000000015820                uip_ds6_neighbors_init
                0x0000000000015842                uip_ds6_nbr_add
                0x0000000000015909                uip_ds6_nbr_rm
                0x0000000000015954                uip_ds6_nbr_get_ipaddr
                0x0000000000015970                uip_ds6_nbr_get_ll
                0x0000000000015997                uip_ds6_nbr_num
                0x00000000000159eb                uip_ds6_nbr_lookup
                0x0000000000015a63                uip_ds6_nbr_ll_lookup
                0x0000000000015a8a                uip_ds6_nbr_ipaddr_from_lladdr
                0x0000000000015aba                uip_ds6_nbr_lladdr_from_ipaddr
                0x0000000000015af2                uip_ds6_link_neighbor_callback
                0x0000000000015b40                uip_ds6_neighbor_periodic
                0x0000000000015dbe                uip_ds6_get_least_lifetime_neighbor
 .text          0x0000000000015e55     0x1137 obj_cooja/mtype691.a(uip-nd6.o)
                0x00000000000165f5                uip_nd6_ns_output
                0x0000000000016f6e                uip_nd6_init
 .text          0x0000000000016f8c     0x26a5 obj_cooja/mtype691.a(sicslowpan.o)
                0x000000000001703d                rime_sniffer_add
                0x0000000000017052                rime_sniffer_remove
                0x00000000000195bf                sicslowpan_init
                0x0000000000019625                sicslowpan_get_last_rssi
 .text          0x0000000000019631      0x157 obj_cooja/mtype691.a(uip-debug.o)
                0x0000000000019631                uip_debug_ipaddr_print
                0x0000000000019715                uip_debug_lladdr_print
 .text          0x0000000000019788      0x193 obj_cooja/mtype691.a(uip-packetqueue)
                0x00000000000197bf                uip_packetqueue_new
                0x00000000000197d4                uip_packetqueue_alloc
                0x000000000001984a                uip_packetqueue_free
                0x000000000001989a                uip_packetqueue_buf
                0x00000000000198c2                uip_packetqueue_buflen
                0x00000000000198ed                uip_packetqueue_set_buflen
 .text          0x000000000001991b      0x982 obj_cooja/mtype691.a(tcpip.o)
                0x000000000001991b                tcpip_output
                0x0000000000019955                tcpip_set_outputfunc
                0x00000000000199ca                udp_attach
                0x0000000000019a01                udp_new
                0x0000000000019a6a                udp_broadcast_new
                0x0000000000019c05                tcpip_input
                0x0000000000019c3a                tcpip_ipv6_output
                0x000000000001a166                tcpip_poll_udp
                0x000000000001a18f                tcpip_uipcall
 .text          0x000000000001a29d      0x421 obj_cooja/mtype691.a(simple-udp.o)
                0x000000000001a2c9                simple_udp_send
                0x000000000001a337                simple_udp_sendto
                0x000000000001a3a5                simple_udp_sendto_port
                0x000000000001a40f                simple_udp_register
 .text          0x000000000001a6be     0x2943 obj_cooja/mtype691.a(rpl-dag.o)
                0x000000000001a6be                rpl_print_neighbor_list
                0x000000000001a8da                rpl_get_nbr
                0x000000000001a94e                rpl_dag_init
                0x000000000001a96d                rpl_get_parent
                0x000000000001a99c                rpl_get_parent_rank
                0x000000000001a9dd                rpl_get_parent_link_metric
                0x000000000001aa1e                rpl_get_parent_ipaddr
                0x000000000001adaa                rpl_set_root
                0x000000000001b023                rpl_repair_root
                0x000000000001b289                rpl_set_prefix
                0x000000000001b390                rpl_set_default_route
                0x000000000001b457                rpl_alloc_instance
                0x000000000001b4f7                rpl_alloc_dag
                0x000000000001b5c0                rpl_set_default_instance
                0x000000000001b5d8                rpl_get_default_instance
                0x000000000001b5e8                rpl_free_instance
                0x000000000001b6bb                rpl_free_dag
                0x000000000001b729                rpl_add_parent
                0x000000000001b826                rpl_find_parent
                0x000000000001b8a0                rpl_find_parent_any_dag
                0x000000000001b8f3                rpl_select_dag
                0x000000000001bd25                rpl_select_parent
                0x000000000001bd99                rpl_remove_parent
                0x000000000001bdcc                rpl_nullify_parent
                0x000000000001be89                rpl_move_parent
                0x000000000001bf4a                rpl_get_any_dag
                0x000000000001bfd0                rpl_get_instance
                0x000000000001c053                rpl_find_of
                0x000000000001c091                rpl_join_instance
                0x000000000001c371                rpl_add_dag
                0x000000000001c7b0                rpl_local_repair
                0x000000000001c86c                rpl_recalculate_ranks
                0x000000000001c915                rpl_process_parent_event
                0x000000000001c9a9                rpl_process_dio
                0x000000000001ce69                rpl_lock_parent
                0x000000000001ce90                start_kag
                0x000000000001cf59                stop_kag
 .text          0x000000000001d001      0x885 obj_cooja/mtype691.a(rpl-timers.o)
                0x000000000001d2ad                rpl_reset_periodic_timer
                0x000000000001d30b                rpl_reset_dio_timer
                0x000000000001d564                rpl_schedule_dao
                0x000000000001d583                rpl_schedule_dao_immediately
                0x000000000001d5a2                rpl_cancel_dao
                0x000000000001d801                rpl_schedule_probing
                0x000000000001d86c                call_new_dio_interval
 .text          0x000000000001d886      0xe79 obj_cooja/mtype691.a(rpl-ext-header.)
                0x000000000001d8ac                rpl_verify_header
                0x000000000001dd9d                rpl_update_header_empty
                0x000000000001e179                rpl_update_header_final
                0x000000000001e385                rpl_remove_header
                0x000000000001e4e0                rpl_invert_header
                0x000000000001e6d3                rpl_insert_header
 .text          0x000000000001e6ff      0x77c obj_cooja/mtype691.a(rpl.o)
                0x000000000001e6ff                rpl_get_mode
                0x000000000001e70b                rpl_set_mode
                0x000000000001e791                rpl_purge_routes
                0x000000000001e8a7                rpl_remove_routes
                0x000000000001e8fc                rpl_remove_routes_by_nexthop
                0x000000000001e97c                rpl_add_route
                0x000000000001ea05                rpl_link_neighbor_callback
                0x000000000001eb30                rpl_ipv6_neighbor_callback
                0x000000000001ebb6                rpl_init
                0x000000000001ec4d                nwlr_table_init
                0x000000000001ec6c                nwlr_table_add
                0x000000000001ed38                nwlr_table_find
                0x000000000001ee18                last_chance
                0x000000000001ee63                set_handler_function
 .text          0x000000000001ee7b      0x2fc obj_cooja/mtype691.a(rpl-mrhof.o)
 .text          0x000000000001f177      0x326 obj_cooja/mtype691.a(queuebuf.o)
                0x000000000001f188                queuebuf_init
                0x000000000001f1a6                queuebuf_numfree
                0x000000000001f1b8                queuebuf_new_from_packetbuf
                0x000000000001f261                queuebuf_update_attr_from_packetbuf
                0x000000000001f29f                queuebuf_update_from_packetbuf
                0x000000000001f2f6                queuebuf_free
                0x000000000001f344                queuebuf_to_packetbuf
                0x000000000001f3b5                queuebuf_dataptr
                0x000000000001f3f5                queuebuf_datalen
                0x000000000001f421                queuebuf_addr
                0x000000000001f460                queuebuf_attr
                0x000000000001f497                queuebuf_debug_print
 .text          0x000000000001f49d      0x84e obj_cooja/mtype691.a(nbr-table.o)
                0x000000000001f985                nbr_table_register
                0x000000000001f9ec                nbr_table_head
                0x000000000001fa53                nbr_table_next
                0x000000000001fac9                nbr_table_add_lladdr
                0x000000000001fba8                nbr_table_get_from_lladdr
                0x000000000001fc00                nbr_table_remove
                0x000000000001fc50                nbr_table_lock
                0x000000000001fc7e                nbr_table_unlock
                0x000000000001fcac                nbr_table_get_lladdr
 .text          0x000000000001fceb      0x4b4 obj_cooja/mtype691.a(packetbuf.o)
                0x000000000001fceb                packetbuf_clear
                0x000000000001fd26                packetbuf_clear_hdr
                0x000000000001fd33                packetbuf_copyfrom
                0x000000000001fd89                packetbuf_compact
                0x000000000001fdfa                packetbuf_copyto_hdr
                0x000000000001fe54                packetbuf_copyto
                0x000000000001ff29                packetbuf_hdralloc
                0x000000000001ff77                packetbuf_hdr_remove
                0x000000000001ff94                packetbuf_hdrreduce
                0x000000000001ffe0                packetbuf_set_datalen
                0x000000000001fff7                packetbuf_dataptr
                0x0000000000020015                packetbuf_hdrptr
                0x000000000002002f                packetbuf_datalen
                0x000000000002003c                packetbuf_hdrlen
                0x0000000000020068                packetbuf_totlen
                0x0000000000020087                packetbuf_attr_clear
                0x00000000000200f3                packetbuf_attr_copyto
                0x0000000000020139                packetbuf_attr_copyfrom
                0x000000000002017f                packetbuf_holds_broadcast
 .text          0x000000000002019f       0x39 obj_cooja/mtype691.a(netstack.o)
                0x000000000002019f                netstack_init
 .text          0x00000000000201d8       0x80 obj_cooja/mtype691.a(linkaddr.o)
                0x00000000000201d8                linkaddr_copy
                0x0000000000020202                linkaddr_cmp
                0x0000000000020234                linkaddr_set_node_addr
 .text          0x0000000000020258       0x83 obj_cooja/mtype691.a(nullmac.o)
 .text          0x00000000000202db      0x417 obj_cooja/mtype691.a(framer-802154.o)
 .text          0x00000000000206f2      0x6a8 obj_cooja/mtype691.a(frame802154.o)
                0x000000000002080a                frame802154_hdrlen
                0x000000000002087c                frame802154_create
                0x0000000000020a8a                frame802154_parse
 .text          0x0000000000020d9a       0x40 obj_cooja/mtype691.a(framer.o)
                0x0000000000020d9a                framer_canonical_create_and_secure
 .text          0x0000000000020dda      0x507 obj_cooja/mtype691.a(nullrdc.o)
 .text          0x00000000000212e1       0xa5 obj_cooja/mtype691.a(nullsec.o)
 .text          0x0000000000021386     0x2386 obj_cooja/mtype691.a(er-coap.o)
                0x000000000002196a                coap_init_connection
                0x00000000000219b0                coap_get_mid
                0x00000000000219ce                coap_init_message
                0x0000000000021a27                coap_serialize_message
                0x000000000002215d                coap_send_message
                0x00000000000221e1                coap_parse_message
                0x0000000000022974                coap_get_query_variable
                0x00000000000229cb                coap_get_post_variable
                0x0000000000022a29                coap_set_status_code
                0x0000000000022a57                coap_set_token
                0x0000000000022aba                coap_get_header_content_format
                0x0000000000022afb                coap_set_header_content_format
                0x0000000000022b33                coap_get_header_accept
                0x0000000000022b77                coap_set_header_accept
                0x0000000000022bb2                coap_get_header_max_age
                0x0000000000022bf8                coap_set_header_max_age
                0x0000000000022c30                coap_get_header_etag
                0x0000000000022c79                coap_set_header_etag
                0x0000000000022cf0                coap_get_header_if_match
                0x0000000000022d3f                coap_set_header_if_match
                0x0000000000022dc2                coap_get_header_if_none_match
                0x0000000000022de2                coap_set_header_if_none_match
                0x0000000000022e05                coap_get_header_proxy_uri
                0x0000000000022e4b                coap_set_header_proxy_uri
                0x0000000000022ea4                coap_get_header_uri_host
                0x0000000000022eea                coap_set_header_uri_host
                0x0000000000022f43                coap_get_header_uri_path
                0x0000000000022f8f                coap_set_header_uri_path
                0x0000000000023003                coap_get_header_uri_query
                0x0000000000023049                coap_set_header_uri_query
                0x00000000000230bd                coap_get_header_location_path
                0x0000000000023103                coap_set_header_location_path
                0x00000000000231c9                coap_get_header_location_query
                0x0000000000023215                coap_set_header_location_query
                0x0000000000023289                coap_get_header_observe
                0x00000000000232cf                coap_set_header_observe
                0x000000000002330a                coap_get_header_block2
                0x00000000000233a3                coap_set_header_block2
                0x0000000000023436                coap_get_header_block1
                0x00000000000234d5                coap_set_header_block1
                0x0000000000023563                coap_get_header_size2
                0x00000000000235a7                coap_set_header_size2
                0x00000000000235e2                coap_get_header_size1
                0x0000000000023626                coap_set_header_size1
                0x0000000000023661                coap_get_payload
                0x00000000000236b9                coap_set_payload
 .text          0x000000000002370c       0x1e obj_cooja/mtype691.a(watchdog.o)
                0x000000000002370c                watchdog_init
                0x0000000000023712                watchdog_start
                0x0000000000023718                watchdog_periodic
                0x000000000002371e                watchdog_stop
                0x0000000000023724                watchdog_reboot
 .text          0x000000000002372a        0x0 obj_cooja/mtype691.a(rimestats.o)
 .text          0x000000000002372a      0x103 obj_cooja/mtype691.a(stimer.o)
                0x000000000002372a                stimer_set
                0x0000000000023757                stimer_reset
                0x000000000002377a                stimer_restart
                0x0000000000023797                stimer_expired
                0x00000000000237d8                stimer_remaining
                0x000000000002380a                stimer_elapsed
 .text          0x000000000002382d      0xdc2 obj_cooja/mtype691.a(uip-icmp6.o)
                0x00000000000238a6                uip_icmp6_input
                0x0000000000023900                uip_icmp6_register_input_handler
                0x0000000000023cb5                uip_icmp6_error_output
                0x00000000000240d3                uip_icmp6_send
                0x000000000002456b                uip_icmp6_echo_reply_callback_add
                0x00000000000245ad                uip_icmp6_echo_reply_callback_rm
                0x00000000000245d1                uip_icmp6_init
 .text          0x00000000000245ef      0x13e obj_cooja/mtype691.a(uip-udp-packet.)
                0x00000000000245ef                uip_udp_packet_send
                0x000000000002466d                uip_udp_packet_sendto
 .text          0x000000000002472d     0x1e6f obj_cooja/mtype691.a(rpl-icmp6.o)
                0x0000000000024a92                dis_output
                0x0000000000025522                dio_output
                0x0000000000026185                dao_output
                0x00000000000261e2                dao_output_target
                0x00000000000264df                dao_ack_output
                0x0000000000026566                rpl_icmp6_register_handlers
 .text          0x000000000002659c      0x1b7 obj_cooja/mtype691.a(mac-sequence.o)
                0x00000000000265df                mac_sequence_is_duplicate
                0x0000000000026674                mac_sequence_register_seqno
 .text          0x0000000000026753       0x47 obj_cooja/mtype691.a(mac.o)
                0x0000000000026753                mac_call_sent_callback
 .text          0x000000000002679a        0x0 /usr/lib/gcc/x86_64-linux-gnu/4.9/crtendS.o
 .text          0x000000000002679a        0x0 /usr/lib/gcc/x86_64-linux-gnu/4.9/../../../x86_64-linux-gnu/crtn.o
 *(.gnu.warning)

.fini           0x000000000002679c        0x9
 *(SORT(.fini))
 .fini          0x000000000002679c        0x4 /usr/lib/gcc/x86_64-linux-gnu/4.9/../../../x86_64-linux-gnu/crti.o
                0x000000000002679c                _fini
 .fini          0x00000000000267a0        0x5 /usr/lib/gcc/x86_64-linux-gnu/4.9/../../../x86_64-linux-gnu/crtn.o
                [!provide]                        PROVIDE (__etext, .)
                [!provide]                        PROVIDE (_etext, .)
                [!provide]                        PROVIDE (etext, .)

.rodata         0x00000000000267a8      0x728
 *(.rodata .rodata.* .gnu.linkonce.r.*)
 .rodata        0x00000000000267a8      0x129 er-server-only-get.co
 *fill*         0x00000000000268d1        0x7 
 .rodata        0x00000000000268d8      0x137 obj_cooja/mtype691.o
 .rodata        0x0000000000026a0f       0x66 obj_cooja/mtype691.a(er-coap-engine.)
 .rodata        0x0000000000026a75       0x11 obj_cooja/mtype691.a(er-coap-observe)
 .rodata        0x0000000000026a86       0x19 obj_cooja/mtype691.a(er-coap-res-wel)
 .rodata        0x0000000000026a9f        0xc obj_cooja/mtype691.a(rest-engine.o)
 .rodata        0x0000000000026aab        0x7 obj_cooja/mtype691.a(button-sensor.o)
 .rodata        0x0000000000026ab2        0x4 obj_cooja/mtype691.a(pir-sensor.o)
 .rodata        0x0000000000026ab6        0x6 obj_cooja/mtype691.a(rs232.o)
 .rodata        0x0000000000026abc        0xa obj_cooja/mtype691.a(vib-sensor.o)
 *fill*         0x0000000000026ac6        0x2 
 .rodata        0x0000000000026ac8       0x27 obj_cooja/mtype691.a(cfs-cooja.o)
 .rodata        0x0000000000026aef       0x14 obj_cooja/mtype691.a(cooja-radio.o)
 .rodata        0x0000000000026b03        0x8 obj_cooja/mtype691.a(sensors.o)
 .rodata        0x0000000000026b0b        0xf obj_cooja/mtype691.a(ctimer.o)
 .rodata        0x0000000000026b1a        0xc obj_cooja/mtype691.a(etimer.o)
 .rodata        0x0000000000026b26        0xe obj_cooja/mtype691.a(serial-line.o)
 .rodata        0x0000000000026b34       0xf4 obj_cooja/mtype691.a(uip6.o)
 .rodata        0x0000000000026c28       0x1d obj_cooja/mtype691.a(sicslowpan.o)
                0x0000000000026c28                unc_llconf
                0x0000000000026c2c                unc_ctxconf
                0x0000000000026c30                unc_mxconf
                0x0000000000026c34                llprefix
 .rodata        0x0000000000026c45       0x2b obj_cooja/mtype691.a(uip-debug.o)
 .rodata        0x0000000000026c70       0x29 obj_cooja/mtype691.a(tcpip.o)
 .rodata        0x0000000000026c99       0x13 obj_cooja/mtype691.a(simple-udp.o)
 *fill*         0x0000000000026cac        0x4 
 .rodata        0x0000000000026cb0       0x70 obj_cooja/mtype691.a(rpl-dag.o)
 .rodata        0x0000000000026d20        0x8 obj_cooja/mtype691.a(linkaddr.o)
                0x0000000000026d20                linkaddr_null
 .rodata        0x0000000000026d28        0x8 obj_cooja/mtype691.a(nullmac.o)
 .rodata        0x0000000000026d30        0x4 obj_cooja/mtype691.a(framer-802154.o)
 .rodata        0x0000000000026d34        0x8 obj_cooja/mtype691.a(nullrdc.o)
 .rodata        0x0000000000026d3c        0x8 obj_cooja/mtype691.a(nullsec.o)
 *fill*         0x0000000000026d44        0x4 
 .rodata        0x0000000000026d48      0x188 obj_cooja/mtype691.a(er-coap.o)

.rodata1
 *(.rodata1)

.eh_frame_hdr   0x0000000000026ed0     0x1464
 *(.eh_frame_hdr)
 .eh_frame_hdr  0x0000000000026ed0     0x1464 er-server-only-get.co

.eh_frame       0x0000000000028338     0x526c
 *(.eh_frame)
 .eh_frame      0x0000000000028338       0x40 /usr/lib/gcc/x86_64-linux-gnu/4.9/../../../x86_64-linux-gnu/crti.o
 .eh_frame      0x0000000000028378      0x100 er-server-only-get.co
                                        0x118 (size before relaxing)
 .eh_frame      0x0000000000028478      0x140 obj_cooja/mtype691.o
                                        0x150 (size before relaxing)
 .eh_frame      0x00000000000285b8       0xf0 obj_cooja/mtype691.a(er-coap-engine.)
                                        0x100 (size before relaxing)
 .eh_frame      0x00000000000286a8       0xc0 obj_cooja/mtype691.a(er-coap-transac)
                                         0xd8 (size before relaxing)
 .eh_frame      0x0000000000028768      0x108 obj_cooja/mtype691.a(er-coap-observe)
                                        0x120 (size before relaxing)
 .eh_frame      0x0000000000028870       0x20 obj_cooja/mtype691.a(er-coap-res-wel)
                                         0x38 (size before relaxing)
 .eh_frame      0x0000000000028890       0xa8 obj_cooja/mtype691.a(rest-engine.o)
                                         0xc0 (size before relaxing)
 .eh_frame      0x0000000000028938       0x40 obj_cooja/mtype691.a(simEnvChange.o)
                                         0x58 (size before relaxing)
 .eh_frame      0x0000000000028978       0xc0 obj_cooja/mtype691.a(cooja_mt.o)
                                         0xd8 (size before relaxing)
 .eh_frame      0x0000000000028a38      0x120 obj_cooja/mtype691.a(cooja_mtarch.o)
                                        0x138 (size before relaxing)
 .eh_frame      0x0000000000028b58       0xc0 obj_cooja/mtype691.a(rtimer-arch.o)
                                         0xd8 (size before relaxing)
 .eh_frame      0x0000000000028c18      0x160 obj_cooja/mtype691.a(beep.o)
                                        0x178 (size before relaxing)
 .eh_frame      0x0000000000028d78       0xa0 obj_cooja/mtype691.a(button-sensor.o)
                                         0xb8 (size before relaxing)
 .eh_frame      0x0000000000028e18       0xa0 obj_cooja/mtype691.a(leds-arch.o)
                                         0xb8 (size before relaxing)
 .eh_frame      0x0000000000028eb8       0x40 obj_cooja/mtype691.a(moteid.o)
                                         0x58 (size before relaxing)
 .eh_frame      0x0000000000028ef8       0xa0 obj_cooja/mtype691.a(pir-sensor.o)
                                         0xb8 (size before relaxing)
 .eh_frame      0x0000000000028f98      0x100 obj_cooja/mtype691.a(rs232.o)
                                        0x118 (size before relaxing)
 .eh_frame      0x0000000000029098       0xa0 obj_cooja/mtype691.a(vib-sensor.o)
                                         0xb8 (size before relaxing)
 .eh_frame      0x0000000000029138       0xc0 obj_cooja/mtype691.a(clock.o)
                                         0xd8 (size before relaxing)
 .eh_frame      0x00000000000291f8      0x128 obj_cooja/mtype691.a(log.o)
                                        0x140 (size before relaxing)
 .eh_frame      0x0000000000029320      0x160 obj_cooja/mtype691.a(cfs-cooja.o)
                                        0x178 (size before relaxing)
 .eh_frame      0x0000000000029480      0x2e0 obj_cooja/mtype691.a(cooja-radio.o)
                                        0x2f8 (size before relaxing)
 .eh_frame      0x0000000000029760       0xa0 obj_cooja/mtype691.a(eeprom.o)
                                         0xb8 (size before relaxing)
 .eh_frame      0x0000000000029800       0x40 obj_cooja/mtype691.a(random.o)
                                         0x58 (size before relaxing)
 .eh_frame      0x0000000000029840       0xc0 obj_cooja/mtype691.a(sensors.o)
                                         0xd8 (size before relaxing)
 .eh_frame      0x0000000000029900       0x40 obj_cooja/mtype691.a(autostart.o)
                                         0x58 (size before relaxing)
 .eh_frame      0x0000000000029940       0xe0 obj_cooja/mtype691.a(ctimer.o)
                                         0xf8 (size before relaxing)
 .eh_frame      0x0000000000029a20      0x1c0 obj_cooja/mtype691.a(etimer.o)
                                        0x1d8 (size before relaxing)
 .eh_frame      0x0000000000029be0      0x1c8 obj_cooja/mtype691.a(process.o)
                                        0x1e0 (size before relaxing)
 .eh_frame      0x0000000000029da8       0x60 obj_cooja/mtype691.a(rtimer.o)
                                         0x78 (size before relaxing)
 .eh_frame      0x0000000000029e08       0xa0 obj_cooja/mtype691.a(timer.o)
                                         0xb8 (size before relaxing)
 .eh_frame      0x0000000000029ea8       0x60 obj_cooja/mtype691.a(serial-line.o)
                                         0x78 (size before relaxing)
 .eh_frame      0x0000000000029f08      0x180 obj_cooja/mtype691.a(list.o)
                                        0x198 (size before relaxing)
 .eh_frame      0x000000000002a088       0xa0 obj_cooja/mtype691.a(memb.o)
                                         0xb8 (size before relaxing)
 .eh_frame      0x000000000002a128       0xa0 obj_cooja/mtype691.a(ringbuf.o)
                                         0xb8 (size before relaxing)
 .eh_frame      0x000000000002a1c8      0x2c8 obj_cooja/mtype691.a(uip-ds6.o)
                                        0x2e0 (size before relaxing)
 .eh_frame      0x000000000002a490      0x280 obj_cooja/mtype691.a(uip-ds6-route.o)
                                        0x298 (size before relaxing)
 .eh_frame      0x000000000002a710      0x1b0 obj_cooja/mtype691.a(uip6.o)
                                        0x1c0 (size before relaxing)
 .eh_frame      0x000000000002a8c0      0x1c0 obj_cooja/mtype691.a(uip-ds6-nbr.o)
                                        0x1d8 (size before relaxing)
 .eh_frame      0x000000000002aa80       0xb8 obj_cooja/mtype691.a(uip-nd6.o)
                                         0xc8 (size before relaxing)
 .eh_frame      0x000000000002ab38      0x290 obj_cooja/mtype691.a(sicslowpan.o)
                                        0x2a0 (size before relaxing)
 .eh_frame      0x000000000002adc8       0x40 obj_cooja/mtype691.a(uip-debug.o)
                                         0x58 (size before relaxing)
 .eh_frame      0x000000000002ae08       0xe0 obj_cooja/mtype691.a(uip-packetqueue)
                                         0xf8 (size before relaxing)
 .eh_frame      0x000000000002aee8      0x1c8 obj_cooja/mtype691.a(tcpip.o)
                                        0x1e0 (size before relaxing)
 .eh_frame      0x000000000002b0b0       0xc0 obj_cooja/mtype691.a(simple-udp.o)
                                         0xd8 (size before relaxing)
 .eh_frame      0x000000000002b170      0x670 obj_cooja/mtype691.a(rpl-dag.o)
                                        0x688 (size before relaxing)
 .eh_frame      0x000000000002b7e0      0x1f0 obj_cooja/mtype691.a(rpl-timers.o)
                                        0x200 (size before relaxing)
 .eh_frame      0x000000000002b9d0      0x108 obj_cooja/mtype691.a(rpl-ext-header.)
                                        0x120 (size before relaxing)
 .eh_frame      0x000000000002bad8      0x1c0 obj_cooja/mtype691.a(rpl.o)
                                        0x1d8 (size before relaxing)
 .eh_frame      0x000000000002bc98       0xe0 obj_cooja/mtype691.a(rpl-mrhof.o)
                                         0xf8 (size before relaxing)
 .eh_frame      0x000000000002bd78      0x1a0 obj_cooja/mtype691.a(queuebuf.o)
                                        0x1b8 (size before relaxing)
 .eh_frame      0x000000000002bf18      0x260 obj_cooja/mtype691.a(nbr-table.o)
                                        0x278 (size before relaxing)
 .eh_frame      0x000000000002c178      0x260 obj_cooja/mtype691.a(packetbuf.o)
                                        0x278 (size before relaxing)
 .eh_frame      0x000000000002c3d8       0x20 obj_cooja/mtype691.a(netstack.o)
                                         0x38 (size before relaxing)
 .eh_frame      0x000000000002c3f8       0x60 obj_cooja/mtype691.a(linkaddr.o)
                                         0x78 (size before relaxing)
 .eh_frame      0x000000000002c458       0xc0 obj_cooja/mtype691.a(nullmac.o)
                                         0xd8 (size before relaxing)
 .eh_frame      0x000000000002c518      0x128 obj_cooja/mtype691.a(framer-802154.o)
                                        0x140 (size before relaxing)
 .eh_frame      0x000000000002c640       0xa0 obj_cooja/mtype691.a(frame802154.o)
                                         0xb8 (size before relaxing)
 .eh_frame      0x000000000002c6e0       0x20 obj_cooja/mtype691.a(framer.o)
                                         0x38 (size before relaxing)
 .eh_frame      0x000000000002c700      0x168 obj_cooja/mtype691.a(nullrdc.o)
                                        0x180 (size before relaxing)
 .eh_frame      0x000000000002c868       0xc0 obj_cooja/mtype691.a(nullsec.o)
                                         0xd8 (size before relaxing)
 .eh_frame      0x000000000002c928      0x6c8 obj_cooja/mtype691.a(er-coap.o)
                                        0x6e0 (size before relaxing)
 .eh_frame      0x000000000002cff0       0xa0 obj_cooja/mtype691.a(watchdog.o)
                                         0xb8 (size before relaxing)
 .eh_frame      0x000000000002d090       0xc0 obj_cooja/mtype691.a(stimer.o)
                                         0xd8 (size before relaxing)
 .eh_frame      0x000000000002d150      0x158 obj_cooja/mtype691.a(uip-icmp6.o)
                                        0x168 (size before relaxing)
 .eh_frame      0x000000000002d2a8       0x40 obj_cooja/mtype691.a(uip-udp-packet.)
                                         0x58 (size before relaxing)
 .eh_frame      0x000000000002d2e8      0x208 obj_cooja/mtype691.a(rpl-icmp6.o)
                                        0x220 (size before relaxing)
 .eh_frame      0x000000000002d4f0       0x90 obj_cooja/mtype691.a(mac-sequence.o)
                                         0xa0 (size before relaxing)
 .eh_frame      0x000000000002d580       0x20 obj_cooja/mtype691.a(mac.o)
                                         0x38 (size before relaxing)
 .eh_frame      0x000000000002d5a0        0x4 /usr/lib/gcc/x86_64-linux-gnu/4.9/crtendS.o

.gcc_except_table
 *(.gcc_except_table .gcc_except_table.*)

.exception_ranges
 *(.exception_ranges .exception_ranges*)
                0x000000000002d5a4                . = (ALIGN (0x200000) - ((0x200000 - .) & 0x1fffff))
                0x000000000022e540                . = DATA_SEGMENT_ALIGN (0x200000, 0x1000)

.eh_frame
 *(.eh_frame)

.gcc_except_table
 *(.gcc_except_table .gcc_except_table.*)

.exception_ranges
 *(.exception_ranges .exception_ranges*)

.tdata
 *(.tdata .tdata.* .gnu.linkonce.td.*)

.tbss
 *(.tbss .tbss.* .gnu.linkonce.tb.*)
 *(.tcommon)

.preinit_array
 *(.preinit_array)

.init_array     0x000000000022e540        0x8
 *(SORT(.init_array.*) SORT(.ctors.*))
 *(.init_array EXCLUDE_FILE(*crtend?.o *crtend.o *crtbegin?.o *crtbegin.o) .ctors)
 .init_array    0x000000000022e540        0x8 /usr/lib/gcc/x86_64-linux-gnu/4.9/crtbeginS.o

.fini_array     0x000000000022e548        0x8
 *(SORT(.fini_array.*) SORT(.dtors.*))
 *(.fini_array EXCLUDE_FILE(*crtend?.o *crtend.o *crtbegin?.o *crtbegin.o) .dtors)
 .fini_array    0x000000000022e548        0x8 /usr/lib/gcc/x86_64-linux-gnu/4.9/crtbeginS.o

.ctors
 *crtbegin.o(.ctors)
 *crtbegin?.o(.ctors)
 *(EXCLUDE_FILE(*crtend?.o *crtend.o) .ctors)
 *(SORT(.ctors.*))
 *(.ctors)

.dtors
 *crtbegin.o(.dtors)
 *crtbegin?.o(.dtors)
 *(EXCLUDE_FILE(*crtend?.o *crtend.o) .dtors)
 *(SORT(.dtors.*))
 *(.dtors)

.jcr            0x000000000022e550        0x8
 *(.jcr)
 .jcr           0x000000000022e550        0x0 /usr/lib/gcc/x86_64-linux-gnu/4.9/crtbeginS.o
 .jcr           0x000000000022e550        0x8 /usr/lib/gcc/x86_64-linux-gnu/4.9/crtendS.o

.data.rel.ro    0x000000000022e580      0x4c0
 *(.data.rel.ro.local* .gnu.linkonce.d.rel.ro.local.*)
 .data.rel.ro.local
                0x000000000022e580       0x10 obj_cooja/mtype691.a(beep.o)
                0x000000000022e580                beep_interface
 *fill*         0x000000000022e590       0x10 
 .data.rel.ro.local
                0x000000000022e5a0       0x40 obj_cooja/mtype691.a(button-sensor.o)
                0x000000000022e5a0                button_interface
                0x000000000022e5c0                button_sensor
 .data.rel.ro.local
                0x000000000022e5e0       0x10 obj_cooja/mtype691.a(leds-arch.o)
                0x000000000022e5e0                leds_interface
 .data.rel.ro.local
                0x000000000022e5f0       0x10 obj_cooja/mtype691.a(moteid.o)
                0x000000000022e5f0                moteid_interface
 .data.rel.ro.local
                0x000000000022e600       0x40 obj_cooja/mtype691.a(pir-sensor.o)
                0x000000000022e600                pir_interface
                0x000000000022e620                pir_sensor
 .data.rel.ro.local
                0x000000000022e640       0x10 obj_cooja/mtype691.a(rs232.o)
                0x000000000022e640                rs232_interface
 *fill*         0x000000000022e650       0x10 
 .data.rel.ro.local
                0x000000000022e660       0x40 obj_cooja/mtype691.a(vib-sensor.o)
                0x000000000022e660                vib_interface
                0x000000000022e680                vib_sensor
 .data.rel.ro.local
                0x000000000022e6a0       0x10 obj_cooja/mtype691.a(clock.o)
                0x000000000022e6a0                clock_interface
 .data.rel.ro.local
                0x000000000022e6b0       0x10 obj_cooja/mtype691.a(log.o)
                0x000000000022e6b0                simlog_interface
 .data.rel.ro.local
                0x000000000022e6c0       0x10 obj_cooja/mtype691.a(cfs-cooja.o)
                0x000000000022e6c0                cfs_interface
 *fill*         0x000000000022e6d0       0x30 
 .data.rel.ro.local
                0x000000000022e700       0xb0 obj_cooja/mtype691.a(cooja-radio.o)
                0x000000000022e700                radio_interface
                0x000000000022e740                cooja_radio_driver
 .data.rel.ro.local
                0x000000000022e7b0       0x10 obj_cooja/mtype691.a(eeprom.o)
                0x000000000022e7b0                eeprom_interface
 .data.rel.ro.local
                0x000000000022e7c0       0x38 obj_cooja/mtype691.a(nullmac.o)
                0x000000000022e7c0                nullmac_driver
 *fill*         0x000000000022e7f8        0x8 
 .data.rel.ro.local
                0x000000000022e800       0x40 obj_cooja/mtype691.a(nullrdc.o)
                0x000000000022e800                nullrdc_driver
 .data.rel.ro.local
                0x000000000022e840       0x30 obj_cooja/mtype691.a(nullsec.o)
                0x000000000022e840                nullsec_driver
 *(.data.rel.ro .data.rel.ro.* .gnu.linkonce.d.rel.ro.*)
 .data.rel.ro   0x000000000022e870       0x10 er-server-only-get.co
                0x000000000022e870                autostart_processes
 .data.rel.ro   0x000000000022e880      0x170 obj_cooja/mtype691.a(er-coap-engine.)
                0x000000000022e880                coap_rest_implementation
 .data.rel.ro   0x000000000022e9f0       0x18 obj_cooja/mtype691.a(sicslowpan.o)
                0x000000000022e9f0                sicslowpan_driver
 .data.rel.ro   0x000000000022ea08        0x8 obj_cooja/mtype691.a(rpl-dag.o)
 *fill*         0x000000000022ea10       0x10 
 .data.rel.ro   0x000000000022ea20       0x20 obj_cooja/mtype691.a(framer-802154.o)
                0x000000000022ea20                framer_802154

.dynamic        0x000000000022ea40      0x1c0
 *(.dynamic)
 .dynamic       0x000000000022ea40      0x1c0 /usr/lib/gcc/x86_64-linux-gnu/4.9/../../../x86_64-linux-gnu/crti.o
                0x000000000022ea40                _DYNAMIC

.got            0x000000000022ec00      0x3f0
 *(.got)
 .got           0x000000000022ec00      0x3f0 /usr/lib/gcc/x86_64-linux-gnu/4.9/../../../x86_64-linux-gnu/crti.o
 *(.igot)
                0x000000000022ffe8                . = DATA_SEGMENT_RELRO_END (., (SIZEOF (.got.plt) >= 0x18)?0x18:0x0)

.got.plt        0x000000000022f000      0x968
 *(.got.plt)
 .got.plt       0x000000000022f000      0x968 /usr/lib/gcc/x86_64-linux-gnu/4.9/../../../x86_64-linux-gnu/crti.o
                0x000000000022f000                _GLOBAL_OFFSET_TABLE_
 *(.igot.plt)

.data           0x000000000022f980      0x6d8
 *(.data .data.* .gnu.linkonce.d.*)
 .data          0x000000000022f980        0x0 /usr/lib/gcc/x86_64-linux-gnu/4.9/../../../x86_64-linux-gnu/crti.o
 .data          0x000000000022f980        0x0 /usr/lib/gcc/x86_64-linux-gnu/4.9/crtbeginS.o
 .data.rel.local
                0x000000000022f980        0x8 /usr/lib/gcc/x86_64-linux-gnu/4.9/crtbeginS.o
                0x000000000022f980                __dso_handle
 .data          0x000000000022f988        0x2 er-server-only-get.co
                0x000000000022f989                alarm
 *fill*         0x000000000022f98a       0x36 
 .data.rel      0x000000000022f9c0      0x108 er-server-only-get.co
                0x000000000022f9c0                helloworld
                0x000000000022fa40                periodic_res_push
                0x000000000022fa80                res_push
 *fill*         0x000000000022fac8       0x18 
 .data.rel.local
                0x000000000022fae0       0x20 er-server-only-get.co
                0x000000000022fae0                rest_server_example
 .data          0x000000000022fb00        0x0 obj_cooja/mtype691.o
 .data.rel      0x000000000022fb00       0xa0 obj_cooja/mtype691.o
                0x000000000022fb00                simInterfaces
                0x000000000022fb80                sensors
 .data          0x000000000022fba0        0x0 obj_cooja/mtype691.a(er-coap-engine.)
 .data.rel.local
                0x000000000022fba0       0x20 obj_cooja/mtype691.a(er-coap-engine.)
                0x000000000022fba0                coap_engine
 .data          0x000000000022fbc0        0x0 obj_cooja/mtype691.a(er-coap-transac)
 .data.rel.local
                0x000000000022fbc0       0x20 obj_cooja/mtype691.a(er-coap-transac)
 .data          0x000000000022fbe0        0x0 obj_cooja/mtype691.a(er-coap-observe)
 .data.rel.local
                0x000000000022fbe0       0x20 obj_cooja/mtype691.a(er-coap-observe)
 .data          0x000000000022fc00        0x0 obj_cooja/mtype691.a(er-coap-res-wel)
 .data.rel      0x000000000022fc00       0x48 obj_cooja/mtype691.a(er-coap-res-wel)
                0x000000000022fc00                res_well_known_core
 .data          0x000000000022fc48        0x0 obj_cooja/mtype691.a(rest-engine.o)
 *fill*         0x000000000022fc48       0x18 
 .data.rel.local
                0x000000000022fc60       0x30 obj_cooja/mtype691.a(rest-engine.o)
                0x000000000022fc60                rest_engine_process
 .data          0x000000000022fc90        0x0 obj_cooja/mtype691.a(simEnvChange.o)
 .data          0x000000000022fc90        0x0 obj_cooja/mtype691.a(cooja_mt.o)
 .data          0x000000000022fc90        0x0 obj_cooja/mtype691.a(cooja_mtarch.o)
 .data          0x000000000022fc90        0x0 obj_cooja/mtype691.a(rtimer-arch.o)
 .data          0x000000000022fc90        0x0 obj_cooja/mtype691.a(beep.o)
 .data          0x000000000022fc90        0x0 obj_cooja/mtype691.a(button-sensor.o)
 .data          0x000000000022fc90        0x0 obj_cooja/mtype691.a(leds-arch.o)
 .data          0x000000000022fc90        0x0 obj_cooja/mtype691.a(moteid.o)
 .data          0x000000000022fc90        0x0 obj_cooja/mtype691.a(pir-sensor.o)
 .data          0x000000000022fc90        0x0 obj_cooja/mtype691.a(rs232.o)
 .data          0x000000000022fc90        0x0 obj_cooja/mtype691.a(vib-sensor.o)
 .data          0x000000000022fc90        0x0 obj_cooja/mtype691.a(clock.o)
 .data          0x000000000022fc90        0x0 obj_cooja/mtype691.a(log.o)
 .data          0x000000000022fc90        0x0 obj_cooja/mtype691.a(cfs-cooja.o)
 .data          0x000000000022fc90       0x18 obj_cooja/mtype691.a(cooja-radio.o)
                0x000000000022fc90                simRadioHWOn
                0x000000000022fc94                simSignalStrength
                0x000000000022fc98                simLastSignalStrength
                0x000000000022fc9c                simPower
                0x000000000022fca0                simRadioChannel
                0x000000000022fca4                simLQI
 *fill*         0x000000000022fca8       0x18 
 .data.rel.local
                0x000000000022fcc0       0x20 obj_cooja/mtype691.a(cooja-radio.o)
                0x000000000022fcc0                cooja_radio_process
 .data          0x000000000022fce0        0x0 obj_cooja/mtype691.a(eeprom.o)
 .data          0x000000000022fce0        0x0 obj_cooja/mtype691.a(random.o)
 .data          0x000000000022fce0        0x0 obj_cooja/mtype691.a(sensors.o)
 .data.rel.local
                0x000000000022fce0       0x20 obj_cooja/mtype691.a(sensors.o)
                0x000000000022fce0                sensors_process
 .data          0x000000000022fd00        0x0 obj_cooja/mtype691.a(autostart.o)
 .data          0x000000000022fd00        0x0 obj_cooja/mtype691.a(ctimer.o)
 .data.rel.local
                0x000000000022fd00       0x40 obj_cooja/mtype691.a(ctimer.o)
                0x000000000022fd20                ctimer_process
 .data          0x000000000022fd40        0x0 obj_cooja/mtype691.a(etimer.o)
 .data.rel.local
                0x000000000022fd40       0x20 obj_cooja/mtype691.a(etimer.o)
                0x000000000022fd40                etimer_process
 .data          0x000000000022fd60        0x0 obj_cooja/mtype691.a(process.o)
 .data          0x000000000022fd60        0x0 obj_cooja/mtype691.a(rtimer.o)
 .data          0x000000000022fd60        0x0 obj_cooja/mtype691.a(timer.o)
 .data          0x000000000022fd60        0x0 obj_cooja/mtype691.a(serial-line.o)
 .data.rel.local
                0x000000000022fd60       0x20 obj_cooja/mtype691.a(serial-line.o)
                0x000000000022fd60                serial_line_process
 .data          0x000000000022fd80        0x0 obj_cooja/mtype691.a(list.o)
 .data          0x000000000022fd80        0x0 obj_cooja/mtype691.a(memb.o)
 .data          0x000000000022fd80        0x0 obj_cooja/mtype691.a(ringbuf.o)
 .data          0x000000000022fd80        0x0 obj_cooja/mtype691.a(uip-ds6.o)
 .data          0x000000000022fd80        0x0 obj_cooja/mtype691.a(uip-ds6-route.o)
 .data.rel.local
                0x000000000022fd80       0x80 obj_cooja/mtype691.a(uip-ds6-route.o)
 .data          0x000000000022fe00        0x0 obj_cooja/mtype691.a(uip6.o)
 .data          0x000000000022fe00        0x0 obj_cooja/mtype691.a(uip-ds6-nbr.o)
 .data.rel.local
                0x000000000022fe00       0x20 obj_cooja/mtype691.a(uip-ds6-nbr.o)
                0x000000000022fe18                ds6_neighbors
 .data          0x000000000022fe20        0x0 obj_cooja/mtype691.a(uip-nd6.o)
 .data.rel.local
                0x000000000022fe20       0x38 obj_cooja/mtype691.a(uip-nd6.o)
 .data          0x000000000022fe58        0x0 obj_cooja/mtype691.a(sicslowpan.o)
 .data          0x000000000022fe58        0x0 obj_cooja/mtype691.a(uip-debug.o)
 .data          0x000000000022fe58        0x0 obj_cooja/mtype691.a(uip-packetqueue)
 *fill*         0x000000000022fe58        0x8 
 .data.rel.local
                0x000000000022fe60       0x18 obj_cooja/mtype691.a(uip-packetqueue)
 .data          0x000000000022fe78        0x0 obj_cooja/mtype691.a(tcpip.o)
 *fill*         0x000000000022fe78        0x8 
 .data.rel.local
                0x000000000022fe80       0x20 obj_cooja/mtype691.a(tcpip.o)
                0x000000000022fe80                tcpip_process
 .data          0x000000000022fea0        0x0 obj_cooja/mtype691.a(simple-udp.o)
 .data.rel.local
                0x000000000022fea0       0x20 obj_cooja/mtype691.a(simple-udp.o)
                0x000000000022fea0                simple_udp_process
 .data          0x000000000022fec0        0x0 obj_cooja/mtype691.a(rpl-dag.o)
 .data.rel.local
                0x000000000022fec0       0x20 obj_cooja/mtype691.a(rpl-dag.o)
                0x000000000022fed8                rpl_parents
 .data          0x000000000022fee0        0x0 obj_cooja/mtype691.a(rpl-timers.o)
 .data          0x000000000022fee0        0x0 obj_cooja/mtype691.a(rpl-ext-header.)
 .data          0x000000000022fee0        0x0 obj_cooja/mtype691.a(rpl.o)
 .data          0x000000000022fee0        0x0 obj_cooja/mtype691.a(rpl-mrhof.o)
 .data.rel.local
                0x000000000022fee0       0x38 obj_cooja/mtype691.a(rpl-mrhof.o)
                0x000000000022fee0                rpl_mrhof
 .data          0x000000000022ff18        0x0 obj_cooja/mtype691.a(queuebuf.o)
 *fill*         0x000000000022ff18        0x8 
 .data.rel.local
                0x000000000022ff20       0x38 obj_cooja/mtype691.a(queuebuf.o)
 .data          0x000000000022ff58        0x0 obj_cooja/mtype691.a(nbr-table.o)
 *fill*         0x000000000022ff58        0x8 
 .data.rel.local
                0x000000000022ff60       0x20 obj_cooja/mtype691.a(nbr-table.o)
 .data          0x000000000022ff80        0x0 obj_cooja/mtype691.a(packetbuf.o)
 .data.rel.local
                0x000000000022ff80        0x8 obj_cooja/mtype691.a(packetbuf.o)
 .data          0x000000000022ff88        0x0 obj_cooja/mtype691.a(netstack.o)
 .data          0x000000000022ff88        0x0 obj_cooja/mtype691.a(linkaddr.o)
 .data          0x000000000022ff88        0x0 obj_cooja/mtype691.a(nullmac.o)
 .data          0x000000000022ff88        0x0 obj_cooja/mtype691.a(framer-802154.o)
 .data          0x000000000022ff88        0x0 obj_cooja/mtype691.a(frame802154.o)
 .data          0x000000000022ff88        0x0 obj_cooja/mtype691.a(framer.o)
 .data          0x000000000022ff88        0x0 obj_cooja/mtype691.a(nullrdc.o)
 .data          0x000000000022ff88        0x0 obj_cooja/mtype691.a(nullsec.o)
 .data          0x000000000022ff88        0x0 obj_cooja/mtype691.a(er-coap.o)
 .data.rel.local
                0x000000000022ff88        0x8 obj_cooja/mtype691.a(er-coap.o)
                0x000000000022ff88                coap_error_message
 .data          0x000000000022ff90        0x0 obj_cooja/mtype691.a(watchdog.o)
 .data          0x000000000022ff90        0x0 obj_cooja/mtype691.a(rimestats.o)
 .data          0x000000000022ff90        0x0 obj_cooja/mtype691.a(stimer.o)
 .data          0x000000000022ff90        0x0 obj_cooja/mtype691.a(uip-icmp6.o)
 .data.rel.local
                0x000000000022ff90       0x48 obj_cooja/mtype691.a(uip-icmp6.o)
 .data          0x000000000022ffd8        0x0 obj_cooja/mtype691.a(uip-udp-packet.)
 .data          0x000000000022ffd8        0x1 obj_cooja/mtype691.a(rpl-icmp6.o)
 *fill*         0x000000000022ffd9        0x7 
 .data.rel.local
                0x000000000022ffe0       0x78 obj_cooja/mtype691.a(rpl-icmp6.o)
 .data          0x0000000000230058        0x0 obj_cooja/mtype691.a(mac-sequence.o)
 .data          0x0000000000230058        0x0 obj_cooja/mtype691.a(mac.o)
 .data          0x0000000000230058        0x0 /usr/lib/gcc/x86_64-linux-gnu/4.9/crtendS.o
 .data          0x0000000000230058        0x0 /usr/lib/gcc/x86_64-linux-gnu/4.9/../../../x86_64-linux-gnu/crtn.o

.tm_clone_table
                0x0000000000230058        0x0
 .tm_clone_table
                0x0000000000230058        0x0 /usr/lib/gcc/x86_64-linux-gnu/4.9/crtbeginS.o
 .tm_clone_table
                0x0000000000230058        0x0 /usr/lib/gcc/x86_64-linux-gnu/4.9/crtendS.o

.data1
 *(.data1)
                0x0000000000230058                _edata = .
                [!provide]                        PROVIDE (edata, .)
                0x0000000000230058                . = .
                0x0000000000230058                __bss_start = .

.bss            0x0000000000230080     0x9e50
 *(.dynbss)
 .dynbss        0x0000000000230080        0x0 /usr/lib/gcc/x86_64-linux-gnu/4.9/../../../x86_64-linux-gnu/crti.o
 *(.bss .bss.* .gnu.linkonce.b.*)
 .bss           0x0000000000230080        0x0 /usr/lib/gcc/x86_64-linux-gnu/4.9/../../../x86_64-linux-gnu/crti.o
 .bss           0x0000000000230080        0x1 /usr/lib/gcc/x86_64-linux-gnu/4.9/crtbeginS.o
 *fill*         0x0000000000230081       0x3f 
 .bss           0x00000000002300c0       0x7c er-server-only-get.co
 *fill*         0x000000000023013c        0x4 
 .bss           0x0000000000230140     0x4060 obj_cooja/mtype691.o
 *fill*         0x00000000002341a0       0x20 
 .bss           0x00000000002341c0      0x289 obj_cooja/mtype691.a(er-coap-engine.)
 *fill*         0x0000000000234449       0x37 
 .bss           0x0000000000234480      0x3d0 obj_cooja/mtype691.a(er-coap-transac)
 *fill*         0x0000000000234850       0x30 
 .bss           0x0000000000234880      0x180 obj_cooja/mtype691.a(er-coap-observe)
 .bss           0x0000000000234a00        0x0 obj_cooja/mtype691.a(er-coap-res-wel)
 .bss           0x0000000000234a00       0x10 obj_cooja/mtype691.a(rest-engine.o)
 .bss           0x0000000000234a10        0x1 obj_cooja/mtype691.a(simEnvChange.o)
                0x0000000000234a10                simDontFallAsleep
 *fill*         0x0000000000234a11        0x7 
 .bss           0x0000000000234a18        0x8 obj_cooja/mtype691.a(cooja_mt.o)
 .bss           0x0000000000234a20        0x8 obj_cooja/mtype691.a(cooja_mtarch.o)
 .bss           0x0000000000234a28       0x18 obj_cooja/mtype691.a(rtimer-arch.o)
 .bss           0x0000000000234a40        0x0 obj_cooja/mtype691.a(beep.o)
 .bss           0x0000000000234a40       0x10 obj_cooja/mtype691.a(button-sensor.o)
 .bss           0x0000000000234a50        0x0 obj_cooja/mtype691.a(leds-arch.o)
 .bss           0x0000000000234a50        0x0 obj_cooja/mtype691.a(moteid.o)
 .bss           0x0000000000234a50        0x1 obj_cooja/mtype691.a(pir-sensor.o)
                0x0000000000234a50                simPirValue
 *fill*         0x0000000000234a51        0x7 
 .bss           0x0000000000234a58        0x8 obj_cooja/mtype691.a(rs232.o)
 .bss           0x0000000000234a60        0x1 obj_cooja/mtype691.a(vib-sensor.o)
                0x0000000000234a60                simVibValue
 .bss           0x0000000000234a61        0x0 obj_cooja/mtype691.a(clock.o)
 *fill*         0x0000000000234a61       0x1f 
 .bss           0x0000000000234a80      0x440 obj_cooja/mtype691.a(log.o)
 .bss           0x0000000000234ec0      0xfc0 obj_cooja/mtype691.a(cfs-cooja.o)
                0x0000000000234ec0                simCFSData
                0x0000000000235e60                simCFSChanged
                0x0000000000235e64                simCFSRead
                0x0000000000235e68                simCFSWritten
 .bss           0x0000000000235e80       0x18 obj_cooja/mtype691.a(cooja-radio.o)
                0x0000000000235e80                simReceiving
                0x0000000000235e84                simInSize
                0x0000000000235e88                simOutSize
 .bss           0x0000000000235e98        0xc obj_cooja/mtype691.a(eeprom.o)
                0x0000000000235e98                simEEPROMChanged
                0x0000000000235e9c                simEEPROMRead
                0x0000000000235ea0                simEEPROMWritten
 .bss           0x0000000000235ea4        0x0 obj_cooja/mtype691.a(random.o)
 .bss           0x0000000000235ea4        0xc obj_cooja/mtype691.a(sensors.o)
 .bss           0x0000000000235eb0        0x0 obj_cooja/mtype691.a(autostart.o)
 .bss           0x0000000000235eb0        0x9 obj_cooja/mtype691.a(ctimer.o)
 *fill*         0x0000000000235eb9        0x7 
 .bss           0x0000000000235ec0       0x10 obj_cooja/mtype691.a(etimer.o)
 *fill*         0x0000000000235ed0       0x30 
 .bss           0x0000000000235f00      0x361 obj_cooja/mtype691.a(process.o)
                0x0000000000235f00                process_list
                0x0000000000235f08                process_current
 *fill*         0x0000000000236261        0x7 
 .bss           0x0000000000236268        0x8 obj_cooja/mtype691.a(rtimer.o)
 .bss           0x0000000000236270        0x0 obj_cooja/mtype691.a(timer.o)
 *fill*         0x0000000000236270       0x10 
 .bss           0x0000000000236280      0x180 obj_cooja/mtype691.a(serial-line.o)
 .bss           0x0000000000236400        0x0 obj_cooja/mtype691.a(list.o)
 .bss           0x0000000000236400        0x0 obj_cooja/mtype691.a(memb.o)
 .bss           0x0000000000236400        0x0 obj_cooja/mtype691.a(ringbuf.o)
 .bss           0x0000000000236400       0x30 obj_cooja/mtype691.a(uip-ds6.o)
 *fill*         0x0000000000236430       0x10 
 .bss           0x0000000000236440      0x4ac obj_cooja/mtype691.a(uip-ds6-route.o)
 .bss           0x00000000002368ec        0x6 obj_cooja/mtype691.a(uip6.o)
                0x00000000002368ec                uip_ext_bitmap
                0x00000000002368ed                uip_ext_len
                0x00000000002368ee                uip_ext_opt_offset
 *fill*         0x00000000002368f2        0xe 
 .bss           0x0000000000236900      0x280 obj_cooja/mtype691.a(uip-ds6-nbr.o)
 .bss           0x0000000000236b80       0x28 obj_cooja/mtype691.a(uip-nd6.o)
 *fill*         0x0000000000236ba8       0x18 
 .bss           0x0000000000236bc0      0x1a8 obj_cooja/mtype691.a(sicslowpan.o)
 .bss           0x0000000000236d68        0x0 obj_cooja/mtype691.a(uip-debug.o)
 *fill*         0x0000000000236d68       0x18 
 .bss           0x0000000000236d80      0x320 obj_cooja/mtype691.a(uip-packetqueue)
 .bss           0x00000000002370a0       0x2a obj_cooja/mtype691.a(tcpip.o)
 *fill*         0x00000000002370ca       0x36 
 .bss           0x0000000000237100      0x158 obj_cooja/mtype691.a(simple-udp.o)
 *fill*         0x0000000000237258       0x28 
 .bss           0x0000000000237280      0x1d0 obj_cooja/mtype691.a(rpl-dag.o)
                0x0000000000237280                kag_data
 *fill*         0x0000000000237450       0x30 
 .bss           0x0000000000237480       0x43 obj_cooja/mtype691.a(rpl-timers.o)
 .bss           0x00000000002374c3        0x0 obj_cooja/mtype691.a(rpl-ext-header.)
 *fill*         0x00000000002374c3        0x1 
 .bss           0x00000000002374c4        0x8 obj_cooja/mtype691.a(rpl.o)
 .bss           0x00000000002374cc        0x0 obj_cooja/mtype691.a(rpl-mrhof.o)
 *fill*         0x00000000002374cc       0x34 
 .bss           0x0000000000237500      0xc00 obj_cooja/mtype691.a(queuebuf.o)
 .bss           0x0000000000238100      0x168 obj_cooja/mtype691.a(nbr-table.o)
 *fill*         0x0000000000238268       0x18 
 .bss           0x0000000000238280       0xf8 obj_cooja/mtype691.a(packetbuf.o)
 .bss           0x0000000000238378        0x0 obj_cooja/mtype691.a(netstack.o)
 .bss           0x0000000000238378        0x0 obj_cooja/mtype691.a(linkaddr.o)
 .bss           0x0000000000238378        0x0 obj_cooja/mtype691.a(nullmac.o)
 .bss           0x0000000000238378        0x2 obj_cooja/mtype691.a(framer-802154.o)
 .bss           0x000000000023837a        0x0 obj_cooja/mtype691.a(frame802154.o)
 .bss           0x000000000023837a        0x0 obj_cooja/mtype691.a(framer.o)
 .bss           0x000000000023837a        0x0 obj_cooja/mtype691.a(nullrdc.o)
 .bss           0x000000000023837a        0x0 obj_cooja/mtype691.a(nullsec.o)
 *fill*         0x000000000023837a        0x6 
 .bss           0x0000000000238380       0x12 obj_cooja/mtype691.a(er-coap.o)
                0x0000000000238380                erbium_status_code
 .bss           0x0000000000238392        0x0 obj_cooja/mtype691.a(watchdog.o)
 .bss           0x0000000000238392        0x0 obj_cooja/mtype691.a(rimestats.o)
 .bss           0x0000000000238392        0x0 obj_cooja/mtype691.a(stimer.o)
 *fill*         0x0000000000238392        0xe 
 .bss           0x00000000002383a0       0x20 obj_cooja/mtype691.a(uip-icmp6.o)
 .bss           0x00000000002383c0        0x0 obj_cooja/mtype691.a(uip-udp-packet.)
 .bss           0x00000000002383c0        0x0 obj_cooja/mtype691.a(rpl-icmp6.o)
 .bss           0x00000000002383c0       0x90 obj_cooja/mtype691.a(mac-sequence.o)
 .bss           0x0000000000238450        0x0 obj_cooja/mtype691.a(mac.o)
 .bss           0x0000000000238450        0x0 /usr/lib/gcc/x86_64-linux-gnu/4.9/crtendS.o
 .bss           0x0000000000238450        0x0 /usr/lib/gcc/x86_64-linux-gnu/4.9/../../../x86_64-linux-gnu/crtn.o
 *(COMMON)
 COMMON         0x0000000000238450        0xc obj_cooja/mtype691.o
                0x0000000000238450                referenceVar
                0x0000000000238458                sensors_flags
 *fill*         0x000000000023845c        0x4 
 COMMON         0x0000000000238460       0x10 obj_cooja/mtype691.a(simEnvChange.o)
                0x0000000000238460                simEtimerPending
                0x0000000000238464                simProcessRunValue
                0x0000000000238468                simNextExpirationTime
 COMMON         0x0000000000238470        0x1 obj_cooja/mtype691.a(beep.o)
                0x0000000000238470                simBeeped
 COMMON         0x0000000000238471        0x3 obj_cooja/mtype691.a(button-sensor.o)
                0x0000000000238471                simButtonIsActive
                0x0000000000238472                simButtonIsDown
                0x0000000000238473                simButtonChanged
 COMMON         0x0000000000238474        0x1 obj_cooja/mtype691.a(leds-arch.o)
                0x0000000000238474                simLedsValue
 *fill*         0x0000000000238475        0x3 
 COMMON         0x0000000000238478        0xc obj_cooja/mtype691.a(moteid.o)
                0x0000000000238478                simRandomSeed
                0x000000000023847c                simMoteIDChanged
                0x0000000000238480                simMoteID
 COMMON         0x0000000000238484        0x2 obj_cooja/mtype691.a(pir-sensor.o)
                0x0000000000238484                simPirIsActive
                0x0000000000238485                simPirChanged
 *fill*         0x0000000000238486       0x3a 
 COMMON         0x00000000002384c0      0x440 obj_cooja/mtype691.a(rs232.o)
                0x00000000002384c0                simSerialReceivingFlag
                0x00000000002384c4                simSerialReceivingLength
                0x0000000000238500                simSerialReceivingData
 COMMON         0x0000000000238900        0x2 obj_cooja/mtype691.a(vib-sensor.o)
                0x0000000000238900                simVibChanged
                0x0000000000238901                simVibIsActive
 *fill*         0x0000000000238902        0x6 
 COMMON         0x0000000000238908        0x8 obj_cooja/mtype691.a(clock.o)
                0x0000000000238908                simCurrentTime
 *fill*         0x0000000000238910       0x30 
 COMMON         0x0000000000238940      0x440 obj_cooja/mtype691.a(log.o)
                0x0000000000238940                simLoggedLength
                0x0000000000238944                simLoggedFlag
                0x0000000000238980                simLoggedData
 COMMON         0x0000000000238d80      0x100 obj_cooja/mtype691.a(cooja-radio.o)
                0x0000000000238d80                simOutDataBuffer
                0x0000000000238e00                simInDataBuffer
 COMMON         0x0000000000238e80      0x400 obj_cooja/mtype691.a(eeprom.o)
                0x0000000000238e80                simEEPROMData
 COMMON         0x0000000000239280        0x1 obj_cooja/mtype691.a(sensors.o)
                0x0000000000239280                sensors_event
 COMMON         0x0000000000239281        0x1 obj_cooja/mtype691.a(serial-line.o)
                0x0000000000239281                serial_line_event_message
 *fill*         0x0000000000239282       0x3e 
 COMMON         0x00000000002392c0      0x1e1 obj_cooja/mtype691.a(uip-ds6.o)
                0x00000000002392c0                uip_ds6_prefix_list
                0x0000000000239320                uip_ds6_timer_periodic
                0x0000000000239340                uip_ds6_netif_addr_list_offset
                0x0000000000239380                uip_ds6_if
                0x0000000000239490                uip_ds6_timer_ra
                0x00000000002394a0                uip_ds6_addr_size
 *fill*         0x00000000002394a1       0x1f 
 COMMON         0x00000000002394c0      0x378 obj_cooja/mtype691.a(uip6.o)
                0x00000000002394c0                uip_slen
                0x00000000002394c2                uip_lladdr
                0x00000000002394d0                uip_appdata
                0x00000000002394d8                uip_flags
                0x0000000000239500                uip_aligned_buf
                0x0000000000239618                uip_len
                0x0000000000239620                uip_sappdata
                0x0000000000239640                uip_udp_conns
                0x0000000000239820                uip_udp_conn
                0x0000000000239828                uip_next_hdr
                0x0000000000239830                uip_conn
 COMMON         0x0000000000239838        0x8 obj_cooja/mtype691.a(sicslowpan.o)
                0x0000000000239838                frag_sender
 COMMON         0x0000000000239840        0x1 obj_cooja/mtype691.a(tcpip.o)
                0x0000000000239840                tcpip_event
 *fill*         0x0000000000239841       0x3f 
 COMMON         0x0000000000239880      0x560 obj_cooja/mtype691.a(rpl-dag.o)
                0x0000000000239880                default_instance
                0x00000000002398c0                instance_table
                0x0000000000239ac0                nwlr_table
 COMMON         0x0000000000239de0       0x30 obj_cooja/mtype691.a(packetbuf.o)
                0x0000000000239de0                packetbuf_attrs
                0x0000000000239e00                packetbuf_addrs
 COMMON         0x0000000000239e10        0x8 obj_cooja/mtype691.a(linkaddr.o)
                0x0000000000239e10                linkaddr_node_addr
 *fill*         0x0000000000239e18       0x28 
 COMMON         0x0000000000239e40       0x90 obj_cooja/mtype691.a(rimestats.o)
                0x0000000000239e40                rimestats
                0x0000000000239ed0                . = ALIGN ((. != 0x0)?0x8:0x1)

.lbss
 *(.dynlbss)
 *(.lbss .lbss.* .gnu.linkonce.lb.*)
 *(LARGE_COMMON)
                0x0000000000239ed0                . = ALIGN (0x8)
                0x0000000000239ed0                . = SEGMENT_START ("ldata-segment", .)

.lrodata
 *(.lrodata .lrodata.* .gnu.linkonce.lr.*)

.ldata          0x0000000000639ed0        0x0
 *(.ldata .ldata.* .gnu.linkonce.l.*)
                0x0000000000639ed0                . = ALIGN ((. != 0x0)?0x8:0x1)
                0x0000000000639ed0                . = ALIGN (0x8)
                0x0000000000639ed0                _end = .
                [!provide]                        PROVIDE (end, .)
                0x0000000000639ed0                . = DATA_SEGMENT_END (.)

.stab
 *(.stab)

.stabstr
 *(.stabstr)

.stab.excl
 *(.stab.excl)

.stab.exclstr
 *(.stab.exclstr)

.stab.index
 *(.stab.index)

.stab.indexstr
 *(.stab.indexstr)

.comment        0x0000000000000000       0x25
 *(.comment)
 .comment       0x0000000000000000       0x25 /usr/lib/gcc/x86_64-linux-gnu/4.9/crtbeginS.o
                                         0x26 (size before relaxing)
 .comment       0x0000000000000025       0x26 er-server-only-get.co
 .comment       0x0000000000000025       0x26 obj_cooja/mtype691.o
 .comment       0x0000000000000025       0x26 obj_cooja/mtype691.a(er-coap-engine.)
 .comment       0x0000000000000025       0x26 obj_cooja/mtype691.a(er-coap-transac)
 .comment       0x0000000000000025       0x26 obj_cooja/mtype691.a(er-coap-observe)
 .comment       0x0000000000000025       0x26 obj_cooja/mtype691.a(er-coap-res-wel)
 .comment       0x0000000000000025       0x26 obj_cooja/mtype691.a(rest-engine.o)
 .comment       0x0000000000000025       0x26 obj_cooja/mtype691.a(simEnvChange.o)
 .comment       0x0000000000000025       0x26 obj_cooja/mtype691.a(cooja_mt.o)
 .comment       0x0000000000000025       0x26 obj_cooja/mtype691.a(cooja_mtarch.o)
 .comment       0x0000000000000025       0x26 obj_cooja/mtype691.a(rtimer-arch.o)
 .comment       0x0000000000000025       0x26 obj_cooja/mtype691.a(beep.o)
 .comment       0x0000000000000025       0x26 obj_cooja/mtype691.a(button-sensor.o)
 .comment       0x0000000000000025       0x26 obj_cooja/mtype691.a(leds-arch.o)
 .comment       0x0000000000000025       0x26 obj_cooja/mtype691.a(moteid.o)
 .comment       0x0000000000000025       0x26 obj_cooja/mtype691.a(pir-sensor.o)
 .comment       0x0000000000000025       0x26 obj_cooja/mtype691.a(rs232.o)
 .comment       0x0000000000000025       0x26 obj_cooja/mtype691.a(vib-sensor.o)
 .comment       0x0000000000000025       0x26 obj_cooja/mtype691.a(clock.o)
 .comment       0x0000000000000025       0x26 obj_cooja/mtype691.a(log.o)
 .comment       0x0000000000000025       0x26 obj_cooja/mtype691.a(cfs-cooja.o)
 .comment       0x0000000000000025       0x26 obj_cooja/mtype691.a(cooja-radio.o)
 .comment       0x0000000000000025       0x26 obj_cooja/mtype691.a(eeprom.o)
 .comment       0x0000000000000025       0x26 obj_cooja/mtype691.a(random.o)
 .comment       0x0000000000000025       0x26 obj_cooja/mtype691.a(sensors.o)
 .comment       0x0000000000000025       0x26 obj_cooja/mtype691.a(autostart.o)
 .comment       0x0000000000000025       0x26 obj_cooja/mtype691.a(ctimer.o)
 .comment       0x0000000000000025       0x26 obj_cooja/mtype691.a(etimer.o)
 .comment       0x0000000000000025       0x26 obj_cooja/mtype691.a(process.o)
 .comment       0x0000000000000025       0x26 obj_cooja/mtype691.a(rtimer.o)
 .comment       0x0000000000000025       0x26 obj_cooja/mtype691.a(timer.o)
 .comment       0x0000000000000025       0x26 obj_cooja/mtype691.a(serial-line.o)
 .comment       0x0000000000000025       0x26 obj_cooja/mtype691.a(list.o)
 .comment       0x0000000000000025       0x26 obj_cooja/mtype691.a(memb.o)
 .comment       0x0000000000000025       0x26 obj_cooja/mtype691.a(ringbuf.o)
 .comment       0x0000000000000025       0x26 obj_cooja/mtype691.a(uip-ds6.o)
 .comment       0x0000000000000025       0x26 obj_cooja/mtype691.a(uip-ds6-route.o)
 .comment       0x0000000000000025       0x26 obj_cooja/mtype691.a(uip6.o)
 .comment       0x0000000000000025       0x26 obj_cooja/mtype691.a(uip-ds6-nbr.o)
 .comment       0x0000000000000025       0x26 obj_cooja/mtype691.a(uip-nd6.o)
 .comment       0x0000000000000025       0x26 obj_cooja/mtype691.a(sicslowpan.o)
 .comment       0x0000000000000025       0x26 obj_cooja/mtype691.a(uip-debug.o)
 .comment       0x0000000000000025       0x26 obj_cooja/mtype691.a(uip-packetqueue)
 .comment       0x0000000000000025       0x26 obj_cooja/mtype691.a(tcpip.o)
 .comment       0x0000000000000025       0x26 obj_cooja/mtype691.a(simple-udp.o)
 .comment       0x0000000000000025       0x26 obj_cooja/mtype691.a(rpl-dag.o)
 .comment       0x0000000000000025       0x26 obj_cooja/mtype691.a(rpl-timers.o)
 .comment       0x0000000000000025       0x26 obj_cooja/mtype691.a(rpl-ext-header.)
 .comment       0x0000000000000025       0x26 obj_cooja/mtype691.a(rpl.o)
 .comment       0x0000000000000025       0x26 obj_cooja/mtype691.a(rpl-mrhof.o)
 .comment       0x0000000000000025       0x26 obj_cooja/mtype691.a(queuebuf.o)
 .comment       0x0000000000000025       0x26 obj_cooja/mtype691.a(nbr-table.o)
 .comment       0x0000000000000025       0x26 obj_cooja/mtype691.a(packetbuf.o)
 .comment       0x0000000000000025       0x26 obj_cooja/mtype691.a(netstack.o)
 .comment       0x0000000000000025       0x26 obj_cooja/mtype691.a(linkaddr.o)
 .comment       0x0000000000000025       0x26 obj_cooja/mtype691.a(nullmac.o)
 .comment       0x0000000000000025       0x26 obj_cooja/mtype691.a(framer-802154.o)
 .comment       0x0000000000000025       0x26 obj_cooja/mtype691.a(frame802154.o)
 .comment       0x0000000000000025       0x26 obj_cooja/mtype691.a(framer.o)
 .comment       0x0000000000000025       0x26 obj_cooja/mtype691.a(nullrdc.o)
 .comment       0x0000000000000025       0x26 obj_cooja/mtype691.a(nullsec.o)
 .comment       0x0000000000000025       0x26 obj_cooja/mtype691.a(er-coap.o)
 .comment       0x0000000000000025       0x26 obj_cooja/mtype691.a(watchdog.o)
 .comment       0x0000000000000025       0x26 obj_cooja/mtype691.a(rimestats.o)
 .comment       0x0000000000000025       0x26 obj_cooja/mtype691.a(stimer.o)
 .comment       0x0000000000000025       0x26 obj_cooja/mtype691.a(uip-icmp6.o)
 .comment       0x0000000000000025       0x26 obj_cooja/mtype691.a(uip-udp-packet.)
 .comment       0x0000000000000025       0x26 obj_cooja/mtype691.a(rpl-icmp6.o)
 .comment       0x0000000000000025       0x26 obj_cooja/mtype691.a(mac-sequence.o)
 .comment       0x0000000000000025       0x26 obj_cooja/mtype691.a(mac.o)
 .comment       0x0000000000000025       0x26 /usr/lib/gcc/x86_64-linux-gnu/4.9/crtendS.o

.debug
 *(.debug)

.line
 *(.line)

.debug_srcinfo
 *(.debug_srcinfo)

.debug_sfnames
 *(.debug_sfnames)

.debug_aranges  0x0000000000000000      0xd10
 *(.debug_aranges)
 .debug_aranges
                0x0000000000000000       0x30 er-server-only-get.co
 .debug_aranges
                0x0000000000000030       0x30 obj_cooja/mtype691.o
 .debug_aranges
                0x0000000000000060       0x30 obj_cooja/mtype691.a(er-coap-engine.)
 .debug_aranges